---
http_interactions:
- request:
    method: get
    uri: https://packages.chef.io/api/v1/build/chef
    body:
      encoding: US-ASCII
      string: ''
    headers:
      Accept-Encoding:
      - gzip;q=1.0,deflate;q=0.6,identity;q=0.3
      Accept:
      - "*/*"
      User-Agent:
      - Ruby
  response:
    status:
      code: 200
      message: OK
    headers:
      Content-Type:
      - application/vnd.org.jfrog.build.BuildsByName+json
      Server:
      - nginx
      X-Artifactory-Id:
      - c1ec6ca2696a3944:3eed5ced:156c20cd259:-7f6b
      Via:
      - 1.1 varnish
      - 1.1 varnish
      Fastly-Debug-Digest:
      - 6fe0cb89c296ca523062f94443cc0fea088bae322c2f91a6caf55d925f6a8955
      Content-Length:
      - '4366'
      Accept-Ranges:
      - bytes
      Date:
      - Thu, 01 Sep 2016 19:41:05 GMT
      Age:
      - '105'
      Connection:
      - keep-alive
      X-Served-By:
      - cache-sjc3126-SJC, cache-den6026-DEN
      X-Cache:
      - MISS, HIT
      X-Cache-Hits:
      - 0, 3
      X-Timer:
      - S1472758865.571218,VS0,VE0
    body:
      encoding: UTF-8
      string: |-
        {
          "buildsNumbers" : [ {
            "uri" : "/12.13.38",
            "started" : "2016-08-13T05:13:05.382+0000"
          }, {
            "uri" : "/12.7.2",
            "started" : "2016-02-11T17:48:20.541+0000"
          }, {
            "uri" : "/12.14.41",
            "started" : "2016-08-30T05:05:40.452+0000"
          }, {
            "uri" : "/12.9.41",
            "started" : "2016-04-13T18:23:34.557+0000"
          }, {
            "uri" : "/12.14.40+20160830162015",
            "started" : "2016-08-30T19:03:12.850+0000"
          }, {
            "uri" : "/12.14.42",
            "started" : "2016-08-30T10:44:09.636+0000"
          }, {
            "uri" : "/12.12.15",
            "started" : "2016-07-09T18:22:29.311+0000"
          }, {
            "uri" : "/12.4.2",
            "started" : "2015-09-19T21:46:54.315+0000"
          }, {
            "uri" : "/12.14.12",
            "started" : "2016-08-17T22:05:13.494+0000"
          }, {
            "uri" : "/12.14.6",
            "started" : "2016-08-17T16:24:24.057+0000"
          }, {
            "uri" : "/12.12.13",
            "started" : "2016-07-01T20:43:29.050+0000"
          }, {
            "uri" : "/12.13.25",
            "started" : "2016-08-04T19:12:52.944+0000"
          }, {
            "uri" : "/12.13.31",
            "started" : "2016-08-09T20:58:13.378+0000"
          }, {
            "uri" : "/12.9.38",
            "started" : "2016-04-11T18:30:30.773+0000"
          }, {
            "uri" : "/12.14.1",
            "started" : "2016-08-16T18:21:25.054+0000"
          }, {
            "uri" : "/12.13.36",
            "started" : "2016-08-11T20:32:32.171+0000"
          }, {
            "uri" : "/12.5.1",
            "started" : "2015-10-08T05:13:40.316+0000"
          }, {
            "uri" : "/12.13.35",
            "started" : "2016-08-11T19:09:43.722+0000"
          }, {
            "uri" : "/12.14.36",
            "started" : "2016-08-26T09:32:49.059+0000"
          }, {
            "uri" : "/12.14.33",
            "started" : "2016-08-24T23:27:56.587+0000"
          }, {
            "uri" : "/12.14.34",
            "started" : "2016-08-25T18:28:05.979+0000"
          }, {
            "uri" : "/12.14.39+20160901040815",
            "started" : "2016-09-01T06:51:32.237+0000"
          }, {
            "uri" : "/12.8.1",
            "started" : "2016-03-08T05:35:52.043+0000"
          }, {
            "uri" : "/12.14.43",
            "started" : "2016-09-01T19:19:38.304+0000"
          }, {
            "uri" : "/12.13.27",
            "started" : "2016-08-05T17:54:09.763+0000"
          }, {
            "uri" : "/12.14.3",
            "started" : "2016-08-16T19:13:23.084+0000"
          }, {
            "uri" : "/12.14.39+20160828162843",
            "started" : "2016-08-28T19:52:07.465+0000"
          }, {
            "uri" : "/12.14.39+20160828211919",
            "started" : "2016-08-28T22:06:23.209+0000"
          }, {
            "uri" : "/12.13.41",
            "started" : "2016-08-15T21:45:30.909+0000"
          }, {
            "uri" : "/12.14.5",
            "started" : "2016-08-17T05:29:28.477+0000"
          }, {
            "uri" : "/12.13.37",
            "started" : "2016-08-12T22:40:36.119+0000"
          }, {
            "uri" : "/12.14.39+20160828002216",
            "started" : "2016-08-28T02:36:28.589+0000"
          }, {
            "uri" : "/12.13.29",
            "started" : "2016-08-08T20:40:13.496+0000"
          }, {
            "uri" : "/12.11.18",
            "started" : "2016-06-02T20:33:44.198+0000"
          }, {
            "uri" : "/12.14.39+20160828192254",
            "started" : "2016-08-28T22:06:18.287+0000"
          }, {
            "uri" : "/12.14.42+20160831185217",
            "started" : "2016-08-31T22:00:42.435+0000"
          }, {
            "uri" : "/12.13.34",
            "started" : "2016-08-11T08:59:43.832+0000"
          }, {
            "uri" : "/12.13.30",
            "started" : "2016-08-08T22:36:27.154+0000"
          }, {
            "uri" : "/12.10.24",
            "started" : "2016-04-27T19:46:21.357+0000"
          }, {
            "uri" : "/12.14.39+20160828145835",
            "started" : "2016-08-28T17:37:48.758+0000"
          }, {
            "uri" : "/12.14.37",
            "started" : "2016-08-26T17:30:42.719+0000"
          }, {
            "uri" : "/12.14.35",
            "started" : "2016-08-25T18:50:36.078+0000"
          }, {
            "uri" : "/12.14.7",
            "started" : "2016-08-17T17:10:59.053+0000"
          }, {
            "uri" : "/12.14.16",
            "started" : "2016-08-19T05:30:21.582+0000"
          }, {
            "uri" : "/12.4.3",
            "started" : "2015-09-23T21:23:29.994+0000"
          }, {
            "uri" : "/12.14.39",
            "started" : "2016-08-28T00:30:33.549+0000"
          }, {
            "uri" : "/12.13.28",
            "started" : "2016-08-06T01:14:10.619+0000"
          }, {
            "uri" : "/12.14.10",
            "started" : "2016-08-17T21:32:03.219+0000"
          }, {
            "uri" : "/12.13.32",
            "started" : "2016-08-10T00:24:05.798+0000"
          }, {
            "uri" : "/12.14.38",
            "started" : "2016-08-26T20:09:21.962+0000"
          }, {
            "uri" : "/12.14.40",
            "started" : "2016-08-29T17:06:53.990+0000"
          }, {
            "uri" : "/12.6.0",
            "started" : "2015-12-18T21:09:09.584+0000"
          }, {
            "uri" : "/12.14.4",
            "started" : "2016-08-16T22:51:19.251+0000"
          } ],
          "uri" : "https://packages.chef.io/api/build/chef"
        }
    http_version: 
  recorded_at: Thu, 01 Sep 2016 19:41:10 GMT
- request:
    method: get
    uri: https://packages.chef.io/api/v1/stable/chef/12.14.43/artifacts
    body:
      encoding: US-ASCII
      string: ''
    headers:
      Accept-Encoding:
      - gzip;q=1.0,deflate;q=0.6,identity;q=0.3
      Accept:
      - "*/*"
      User-Agent:
      - Ruby
  response:
    status:
      code: 200
      message: OK
    headers:
      Content-Type:
      - application/json
      Server:
      - nginx
      X-Artifactory-Id:
      - c1ec6ca2696a3944:3eed5ced:156c20cd259:-7f6b
      Via:
      - 1.1 varnish
      - 1.1 varnish
      Fastly-Debug-Digest:
      - 80bef2b96ec856f48fa7fe6c91b406f8892646d00d15518e3046533152122c66
      Content-Length:
      - '87'
      Accept-Ranges:
      - bytes
      Date:
      - Thu, 01 Sep 2016 19:41:05 GMT
      Age:
      - '104'
      Connection:
      - keep-alive
      X-Served-By:
      - cache-sjc3145-SJC, cache-den6027-DEN
      X-Cache:
      - MISS, HIT
      X-Cache-Hits:
      - 0, 3
      X-Timer:
      - S1472758865.599901,VS0,VE0
    body:
      encoding: UTF-8
      string: |2

        {
        "results" : [  ],
        "range" : {
          "start_pos" : 0,
          "end_pos" : 0,
          "total" : 0
        }
        }
    http_version: 
  recorded_at: Thu, 01 Sep 2016 19:41:10 GMT
- request:
    method: get
    uri: https://packages.chef.io/api/v1/stable/chef/12.14.39+20160901040815/artifacts
    body:
      encoding: US-ASCII
      string: ''
    headers:
      Accept-Encoding:
      - gzip;q=1.0,deflate;q=0.6,identity;q=0.3
      Accept:
      - "*/*"
      User-Agent:
      - Ruby
  response:
    status:
      code: 404
      message: Not Found
    headers:
      Content-Type:
      - text/html
      Server:
      - nginx
      Via:
      - 1.1 varnish
      - 1.1 varnish
      Fastly-Debug-Digest:
      - ae1ca8484b21d9ae8eaa49bf8e82937a7bfd07786f1ec6869c8857e891f83f77
      Content-Length:
      - '162'
      Accept-Ranges:
      - bytes
      Date:
      - Thu, 01 Sep 2016 19:41:05 GMT
      Age:
      - '1814'
      Connection:
      - keep-alive
      X-Served-By:
      - cache-sjc3144-SJC, cache-den6021-DEN
      X-Cache:
      - MISS, HIT
      X-Cache-Hits:
      - 0, 1
      X-Timer:
      - S1472758865.625654,VS0,VE0
    body:
      encoding: UTF-8
      string: "<html>\r\n<head><title>404 Not Found</title></head>\r\n<body bgcolor=\"white\">\r\n<center><h1>404
        Not Found</h1></center>\r\n<hr><center>nginx</center>\r\n</body>\r\n</html>\r\n"
    http_version: 
  recorded_at: Thu, 01 Sep 2016 19:41:10 GMT
- request:
    method: get
    uri: https://packages.chef.io/api/v1/stable/chef/12.14.42+20160831185217/artifacts
    body:
      encoding: US-ASCII
      string: ''
    headers:
      Accept-Encoding:
      - gzip;q=1.0,deflate;q=0.6,identity;q=0.3
      Accept:
      - "*/*"
      User-Agent:
      - Ruby
  response:
    status:
      code: 404
      message: Not Found
    headers:
      Content-Type:
      - text/html
      Server:
      - nginx
      Via:
      - 1.1 varnish
      - 1.1 varnish
      Fastly-Debug-Digest:
      - 2eab8fceb3085699f61300228041c1b7d27bd3d8e4fae23835fa573caeb228f5
      Content-Length:
      - '162'
      Accept-Ranges:
      - bytes
      Date:
      - Thu, 01 Sep 2016 19:41:05 GMT
      Age:
      - '79'
      Connection:
      - keep-alive
      X-Served-By:
      - cache-sjc3145-SJC, cache-den6021-DEN
      X-Cache:
      - MISS, HIT
      X-Cache-Hits:
      - 0, 2
      X-Timer:
      - S1472758865.651546,VS0,VE0
    body:
      encoding: UTF-8
      string: "<html>\r\n<head><title>404 Not Found</title></head>\r\n<body bgcolor=\"white\">\r\n<center><h1>404
        Not Found</h1></center>\r\n<hr><center>nginx</center>\r\n</body>\r\n</html>\r\n"
    http_version: 
  recorded_at: Thu, 01 Sep 2016 19:41:10 GMT
- request:
    method: get
    uri: https://packages.chef.io/api/v1/stable/chef/12.14.40+20160830162015/artifacts
    body:
      encoding: US-ASCII
      string: ''
    headers:
      Accept-Encoding:
      - gzip;q=1.0,deflate;q=0.6,identity;q=0.3
      Accept:
      - "*/*"
      User-Agent:
      - Ruby
  response:
    status:
      code: 404
      message: Not Found
    headers:
      Content-Type:
      - text/html
      Server:
      - nginx
      Via:
      - 1.1 varnish
      - 1.1 varnish
      Fastly-Debug-Digest:
      - 747bc87ae82b2f60f394264a53045e65712774849d0a2406802415d7224f7750
      Content-Length:
      - '162'
      Accept-Ranges:
      - bytes
      Date:
      - Thu, 01 Sep 2016 19:41:05 GMT
      Age:
      - '79'
      Connection:
      - keep-alive
      X-Served-By:
      - cache-sjc3123-SJC, cache-den6020-DEN
      X-Cache:
      - MISS, HIT
      X-Cache-Hits:
      - 0, 2
      X-Timer:
      - S1472758865.677171,VS0,VE0
    body:
      encoding: UTF-8
      string: "<html>\r\n<head><title>404 Not Found</title></head>\r\n<body bgcolor=\"white\">\r\n<center><h1>404
        Not Found</h1></center>\r\n<hr><center>nginx</center>\r\n</body>\r\n</html>\r\n"
    http_version: 
  recorded_at: Thu, 01 Sep 2016 19:41:10 GMT
- request:
    method: get
    uri: https://packages.chef.io/api/v1/stable/chef/12.14.42/artifacts
    body:
      encoding: US-ASCII
      string: ''
    headers:
      Accept-Encoding:
      - gzip;q=1.0,deflate;q=0.6,identity;q=0.3
      Accept:
      - "*/*"
      User-Agent:
      - Ruby
  response:
    status:
      code: 200
      message: OK
    headers:
      Content-Type:
      - application/json
      Server:
      - nginx
      X-Artifactory-Id:
      - c1ec6ca2696a3944:3eed5ced:156c20cd259:-7f6b
      Via:
      - 1.1 varnish
      - 1.1 varnish
      Fastly-Debug-Digest:
      - a39a07442f73eef4474a416f3216c10f28cb3d615131e6be023432d3682a3101
      Content-Length:
      - '87'
      Accept-Ranges:
      - bytes
      Date:
      - Thu, 01 Sep 2016 19:41:05 GMT
      Age:
      - '78'
      Connection:
      - keep-alive
      X-Served-By:
      - cache-sjc3142-SJC, cache-den6027-DEN
      X-Cache:
      - MISS, HIT
      X-Cache-Hits:
      - 0, 2
      X-Timer:
      - S1472758865.702856,VS0,VE0
    body:
      encoding: UTF-8
      string: |2

        {
        "results" : [  ],
        "range" : {
          "start_pos" : 0,
          "end_pos" : 0,
          "total" : 0
        }
        }
    http_version: 
  recorded_at: Thu, 01 Sep 2016 19:41:10 GMT
- request:
    method: get
    uri: https://packages.chef.io/api/v1/stable/chef/12.14.41/artifacts
    body:
      encoding: US-ASCII
      string: ''
    headers:
      Accept-Encoding:
      - gzip;q=1.0,deflate;q=0.6,identity;q=0.3
      Accept:
      - "*/*"
      User-Agent:
      - Ruby
  response:
    status:
      code: 200
      message: OK
    headers:
      Content-Type:
      - application/json
      Server:
      - nginx
      X-Artifactory-Id:
      - c1ec6ca2696a3944:3eed5ced:156c20cd259:-7f6b
      Via:
      - 1.1 varnish
      - 1.1 varnish
      Fastly-Debug-Digest:
      - 7dc3a3c169dfca71574a9760ee3223a41600db1e86e583e31a8966258026b7e3
      Content-Length:
      - '87'
      Accept-Ranges:
      - bytes
      Date:
      - Thu, 01 Sep 2016 19:41:05 GMT
      Age:
      - '78'
      Connection:
      - keep-alive
      X-Served-By:
      - cache-sjc3138-SJC, cache-den6027-DEN
      X-Cache:
      - MISS, HIT
      X-Cache-Hits:
      - 0, 2
      X-Timer:
      - S1472758865.738906,VS0,VE0
    body:
      encoding: UTF-8
      string: |2

        {
        "results" : [  ],
        "range" : {
          "start_pos" : 0,
          "end_pos" : 0,
          "total" : 0
        }
        }
    http_version: 
  recorded_at: Thu, 01 Sep 2016 19:41:10 GMT
- request:
    method: get
    uri: https://packages.chef.io/api/v1/stable/chef/12.14.40/artifacts
    body:
      encoding: US-ASCII
      string: ''
    headers:
      Accept-Encoding:
      - gzip;q=1.0,deflate;q=0.6,identity;q=0.3
      Accept:
      - "*/*"
      User-Agent:
      - Ruby
  response:
    status:
      code: 200
      message: OK
    headers:
      Content-Type:
      - application/json
      Server:
      - nginx
      X-Artifactory-Id:
      - c1ec6ca2696a3944:3eed5ced:156c20cd259:-7f6b
      Via:
      - 1.1 varnish
      - 1.1 varnish
      Fastly-Debug-Digest:
      - df065c94fde3d22f023413eaa68d63e19327d40db3214da3140bf917426cc745
      Content-Length:
      - '87'
      Accept-Ranges:
      - bytes
      Date:
      - Thu, 01 Sep 2016 19:41:05 GMT
      Age:
      - '78'
      Connection:
      - keep-alive
      X-Served-By:
      - cache-sjc3138-SJC, cache-den6026-DEN
      X-Cache:
      - MISS, HIT
      X-Cache-Hits:
      - 0, 3
      X-Timer:
      - S1472758865.763343,VS0,VE0
    body:
      encoding: UTF-8
      string: |2

        {
        "results" : [  ],
        "range" : {
          "start_pos" : 0,
          "end_pos" : 0,
          "total" : 0
        }
        }
    http_version: 
  recorded_at: Thu, 01 Sep 2016 19:41:10 GMT
- request:
    method: get
    uri: https://packages.chef.io/api/v1/stable/chef/12.14.39+20160828211919/artifacts
    body:
      encoding: US-ASCII
      string: ''
    headers:
      Accept-Encoding:
      - gzip;q=1.0,deflate;q=0.6,identity;q=0.3
      Accept:
      - "*/*"
      User-Agent:
      - Ruby
  response:
    status:
      code: 404
      message: Not Found
    headers:
      Content-Type:
      - text/html
      Server:
      - nginx
      Via:
      - 1.1 varnish
      - 1.1 varnish
      Fastly-Debug-Digest:
      - 3be09e147416ef44b93cc48b8b7cd37499d88b80bf475bcff3b293dd50464e5f
      Content-Length:
      - '162'
      Accept-Ranges:
      - bytes
      Date:
      - Thu, 01 Sep 2016 19:41:05 GMT
      Age:
      - '78'
      Connection:
      - keep-alive
      X-Served-By:
      - cache-sjc3146-SJC, cache-den6022-DEN
      X-Cache:
      - MISS, HIT
      X-Cache-Hits:
      - 0, 2
      X-Timer:
      - S1472758865.789837,VS0,VE0
    body:
      encoding: UTF-8
      string: "<html>\r\n<head><title>404 Not Found</title></head>\r\n<body bgcolor=\"white\">\r\n<center><h1>404
        Not Found</h1></center>\r\n<hr><center>nginx</center>\r\n</body>\r\n</html>\r\n"
    http_version: 
  recorded_at: Thu, 01 Sep 2016 19:41:10 GMT
- request:
    method: get
    uri: https://packages.chef.io/api/v1/stable/chef/12.14.39+20160828192254/artifacts
    body:
      encoding: US-ASCII
      string: ''
    headers:
      Accept-Encoding:
      - gzip;q=1.0,deflate;q=0.6,identity;q=0.3
      Accept:
      - "*/*"
      User-Agent:
      - Ruby
  response:
    status:
      code: 404
      message: Not Found
    headers:
      Content-Type:
      - text/html
      Server:
      - nginx
      Via:
      - 1.1 varnish
      - 1.1 varnish
      Fastly-Debug-Digest:
      - 9365bc8f6aa813c120e8bc7308b4a1a135636e3762e7f9c0a6533d664f5647ea
      Content-Length:
      - '162'
      Accept-Ranges:
      - bytes
      Date:
      - Thu, 01 Sep 2016 19:41:05 GMT
      Age:
      - '78'
      Connection:
      - keep-alive
      X-Served-By:
      - cache-sjc3139-SJC, cache-den6021-DEN
      X-Cache:
      - MISS, HIT
      X-Cache-Hits:
      - 0, 2
      X-Timer:
      - S1472758865.816918,VS0,VE0
    body:
      encoding: UTF-8
      string: "<html>\r\n<head><title>404 Not Found</title></head>\r\n<body bgcolor=\"white\">\r\n<center><h1>404
        Not Found</h1></center>\r\n<hr><center>nginx</center>\r\n</body>\r\n</html>\r\n"
    http_version: 
  recorded_at: Thu, 01 Sep 2016 19:41:10 GMT
- request:
    method: get
    uri: https://packages.chef.io/api/v1/stable/chef/12.14.39+20160828162843/artifacts
    body:
      encoding: US-ASCII
      string: ''
    headers:
      Accept-Encoding:
      - gzip;q=1.0,deflate;q=0.6,identity;q=0.3
      Accept:
      - "*/*"
      User-Agent:
      - Ruby
  response:
    status:
      code: 404
      message: Not Found
    headers:
      Content-Type:
      - text/html
      Server:
      - nginx
      Via:
      - 1.1 varnish
      - 1.1 varnish
      Fastly-Debug-Digest:
      - 971e6a57cf2ce9112c8c8e75225fec6b64fc5faf24a3a8bfb7a52766e4635e2c
      Content-Length:
      - '162'
      Accept-Ranges:
      - bytes
      Date:
      - Thu, 01 Sep 2016 19:41:05 GMT
      Age:
      - '78'
      Connection:
      - keep-alive
      X-Served-By:
      - cache-sjc3126-SJC, cache-den6027-DEN
      X-Cache:
      - MISS, HIT
      X-Cache-Hits:
      - 0, 1
      X-Timer:
      - S1472758865.843418,VS0,VE0
    body:
      encoding: UTF-8
      string: "<html>\r\n<head><title>404 Not Found</title></head>\r\n<body bgcolor=\"white\">\r\n<center><h1>404
        Not Found</h1></center>\r\n<hr><center>nginx</center>\r\n</body>\r\n</html>\r\n"
    http_version: 
  recorded_at: Thu, 01 Sep 2016 19:41:10 GMT
- request:
    method: get
    uri: https://packages.chef.io/api/v1/stable/chef/12.14.39+20160828145835/artifacts
    body:
      encoding: US-ASCII
      string: ''
    headers:
      Accept-Encoding:
      - gzip;q=1.0,deflate;q=0.6,identity;q=0.3
      Accept:
      - "*/*"
      User-Agent:
      - Ruby
  response:
    status:
      code: 404
      message: Not Found
    headers:
      Content-Type:
      - text/html
      Server:
      - nginx
      Via:
      - 1.1 varnish
      - 1.1 varnish
      Fastly-Debug-Digest:
      - e906b1969c98a9ba35d9f4312e571a0036ea617cdfd02aa3373564db9829744b
      Content-Length:
      - '162'
      Accept-Ranges:
      - bytes
      Date:
      - Thu, 01 Sep 2016 19:41:05 GMT
      Age:
      - '78'
      Connection:
      - keep-alive
      X-Served-By:
      - cache-sjc3129-SJC, cache-den6021-DEN
      X-Cache:
      - MISS, HIT
      X-Cache-Hits:
      - 0, 5
      X-Timer:
      - S1472758865.868841,VS0,VE0
    body:
      encoding: UTF-8
      string: "<html>\r\n<head><title>404 Not Found</title></head>\r\n<body bgcolor=\"white\">\r\n<center><h1>404
        Not Found</h1></center>\r\n<hr><center>nginx</center>\r\n</body>\r\n</html>\r\n"
    http_version: 
  recorded_at: Thu, 01 Sep 2016 19:41:10 GMT
- request:
    method: get
    uri: https://packages.chef.io/api/v1/stable/chef/12.14.39+20160828002216/artifacts
    body:
      encoding: US-ASCII
      string: ''
    headers:
      Accept-Encoding:
      - gzip;q=1.0,deflate;q=0.6,identity;q=0.3
      Accept:
      - "*/*"
      User-Agent:
      - Ruby
  response:
    status:
      code: 404
      message: Not Found
    headers:
      Content-Type:
      - text/html
      Server:
      - nginx
      Via:
      - 1.1 varnish
      - 1.1 varnish
      Fastly-Debug-Digest:
      - f88eed8b4ea4ac670049c1fbbee6b58c80d8f7d9b692981bb8b89821e5f90979
      Content-Length:
      - '162'
      Accept-Ranges:
      - bytes
      Date:
      - Thu, 01 Sep 2016 19:41:05 GMT
      Age:
      - '78'
      Connection:
      - keep-alive
      X-Served-By:
      - cache-sjc3138-SJC, cache-den6025-DEN
      X-Cache:
      - MISS, HIT
      X-Cache-Hits:
      - 0, 1
      X-Timer:
      - S1472758865.894446,VS0,VE0
    body:
      encoding: UTF-8
      string: "<html>\r\n<head><title>404 Not Found</title></head>\r\n<body bgcolor=\"white\">\r\n<center><h1>404
        Not Found</h1></center>\r\n<hr><center>nginx</center>\r\n</body>\r\n</html>\r\n"
    http_version: 
  recorded_at: Thu, 01 Sep 2016 19:41:10 GMT
- request:
    method: get
    uri: https://packages.chef.io/api/v1/stable/chef/12.14.39/artifacts
    body:
      encoding: US-ASCII
      string: ''
    headers:
      Accept-Encoding:
      - gzip;q=1.0,deflate;q=0.6,identity;q=0.3
      Accept:
      - "*/*"
      User-Agent:
      - Ruby
  response:
    status:
      code: 200
      message: OK
    headers:
      Content-Type:
      - application/json
      Server:
      - nginx
      X-Artifactory-Id:
      - c1ec6ca2696a3944:3eed5ced:156c20cd259:-7f6b
      Via:
      - 1.1 varnish
      - 1.1 varnish
      Fastly-Debug-Digest:
      - c012fb19360210ad1252d924ddd4941d5c2ba727408e8b8e838da80fdd5d4232
      Content-Length:
      - '87'
      Accept-Ranges:
      - bytes
      Date:
      - Thu, 01 Sep 2016 19:41:05 GMT
      Age:
      - '78'
      Connection:
      - keep-alive
      X-Served-By:
      - cache-sjc3127-SJC, cache-den6026-DEN
      X-Cache:
      - MISS, HIT
      X-Cache-Hits:
      - 0, 4
      X-Timer:
      - S1472758865.921917,VS0,VE0
    body:
      encoding: UTF-8
      string: |2

        {
        "results" : [  ],
        "range" : {
          "start_pos" : 0,
          "end_pos" : 0,
          "total" : 0
        }
        }
    http_version: 
  recorded_at: Thu, 01 Sep 2016 19:41:10 GMT
- request:
    method: get
    uri: https://packages.chef.io/api/v1/stable/chef/12.14.38/artifacts
    body:
      encoding: US-ASCII
      string: ''
    headers:
      Accept-Encoding:
      - gzip;q=1.0,deflate;q=0.6,identity;q=0.3
      Accept:
      - "*/*"
      User-Agent:
      - Ruby
  response:
    status:
      code: 200
      message: OK
    headers:
      Content-Type:
      - application/json
      Server:
      - nginx
      X-Artifactory-Id:
      - c1ec6ca2696a3944:3eed5ced:156c20cd259:-7f6b
      Via:
      - 1.1 varnish
      - 1.1 varnish
      Fastly-Debug-Digest:
      - 748a4e23ea5770c2acc6cd3688c520e4a1b6e7f9ea42f3fcf1bf082fed5ab034
      Content-Length:
      - '87'
      Accept-Ranges:
      - bytes
      Date:
      - Thu, 01 Sep 2016 19:41:05 GMT
      Age:
      - '78'
      Connection:
      - keep-alive
      X-Served-By:
      - cache-sjc3149-SJC, cache-den6024-DEN
      X-Cache:
      - MISS, HIT
      X-Cache-Hits:
      - 0, 2
      X-Timer:
      - S1472758865.948146,VS0,VE0
    body:
      encoding: UTF-8
      string: |2

        {
        "results" : [  ],
        "range" : {
          "start_pos" : 0,
          "end_pos" : 0,
          "total" : 0
        }
        }
    http_version: 
  recorded_at: Thu, 01 Sep 2016 19:41:10 GMT
- request:
    method: get
    uri: https://packages.chef.io/api/v1/stable/chef/12.14.37/artifacts
    body:
      encoding: US-ASCII
      string: ''
    headers:
      Accept-Encoding:
      - gzip;q=1.0,deflate;q=0.6,identity;q=0.3
      Accept:
      - "*/*"
      User-Agent:
      - Ruby
  response:
    status:
      code: 200
      message: OK
    headers:
      Content-Type:
      - application/json
      Server:
      - nginx
      X-Artifactory-Id:
      - c1ec6ca2696a3944:3eed5ced:156c20cd259:-7f6b
      Via:
      - 1.1 varnish
      - 1.1 varnish
      Fastly-Debug-Digest:
      - 13eb5ab701eed15fa7249e3b25d7df2204c355968cd54d69d4c666cfe0c9990e
      Content-Length:
      - '87'
      Accept-Ranges:
      - bytes
      Date:
      - Thu, 01 Sep 2016 19:41:05 GMT
      Age:
      - '78'
      Connection:
      - keep-alive
      X-Served-By:
      - cache-sjc3145-SJC, cache-den6024-DEN
      X-Cache:
      - MISS, HIT
      X-Cache-Hits:
      - 0, 3
      X-Timer:
      - S1472758865.973127,VS0,VE0
    body:
      encoding: UTF-8
      string: |2

        {
        "results" : [  ],
        "range" : {
          "start_pos" : 0,
          "end_pos" : 0,
          "total" : 0
        }
        }
    http_version: 
  recorded_at: Thu, 01 Sep 2016 19:41:10 GMT
- request:
    method: get
    uri: https://packages.chef.io/api/v1/stable/chef/12.14.36/artifacts
    body:
      encoding: US-ASCII
      string: ''
    headers:
      Accept-Encoding:
      - gzip;q=1.0,deflate;q=0.6,identity;q=0.3
      Accept:
      - "*/*"
      User-Agent:
      - Ruby
  response:
    status:
      code: 200
      message: OK
    headers:
      Content-Type:
      - application/json
      Server:
      - nginx
      X-Artifactory-Id:
      - c1ec6ca2696a3944:3eed5ced:156c20cd259:-7f6b
      Via:
      - 1.1 varnish
      - 1.1 varnish
      Fastly-Debug-Digest:
      - 92eb87c0bee1bff519e2608957397f7692ab8c996224784c644054d568ca98a4
      Content-Length:
      - '87'
      Accept-Ranges:
      - bytes
      Date:
      - Thu, 01 Sep 2016 19:41:05 GMT
      Age:
      - '78'
      Connection:
      - keep-alive
      X-Served-By:
      - cache-sjc3137-SJC, cache-den6020-DEN
      X-Cache:
      - MISS, HIT
      X-Cache-Hits:
      - 0, 2
      X-Timer:
      - S1472758865.999736,VS0,VE0
    body:
      encoding: UTF-8
      string: |2

        {
        "results" : [  ],
        "range" : {
          "start_pos" : 0,
          "end_pos" : 0,
          "total" : 0
        }
        }
    http_version: 
  recorded_at: Thu, 01 Sep 2016 19:41:10 GMT
- request:
    method: get
    uri: https://packages.chef.io/api/v1/stable/chef/12.14.35/artifacts
    body:
      encoding: US-ASCII
      string: ''
    headers:
      Accept-Encoding:
      - gzip;q=1.0,deflate;q=0.6,identity;q=0.3
      Accept:
      - "*/*"
      User-Agent:
      - Ruby
  response:
    status:
      code: 200
      message: OK
    headers:
      Content-Type:
      - application/json
      Server:
      - nginx
      X-Artifactory-Id:
      - c1ec6ca2696a3944:3eed5ced:156c20cd259:-7f6b
      Via:
      - 1.1 varnish
      - 1.1 varnish
      Fastly-Debug-Digest:
      - 8ec6b32b5b49fb33f26f33319e7c3dc5286d70605c06ab600ffb436ed01010ee
      Content-Length:
      - '87'
      Accept-Ranges:
      - bytes
      Date:
      - Thu, 01 Sep 2016 19:41:06 GMT
      Age:
      - '78'
      Connection:
      - keep-alive
      X-Served-By:
      - cache-sjc3136-SJC, cache-den6022-DEN
      X-Cache:
      - MISS, HIT
      X-Cache-Hits:
      - 0, 1
      X-Timer:
      - S1472758866.026663,VS0,VE0
    body:
      encoding: UTF-8
      string: |2

        {
        "results" : [  ],
        "range" : {
          "start_pos" : 0,
          "end_pos" : 0,
          "total" : 0
        }
        }
    http_version: 
  recorded_at: Thu, 01 Sep 2016 19:41:10 GMT
- request:
    method: get
    uri: https://packages.chef.io/api/v1/stable/chef/12.14.34/artifacts
    body:
      encoding: US-ASCII
      string: ''
    headers:
      Accept-Encoding:
      - gzip;q=1.0,deflate;q=0.6,identity;q=0.3
      Accept:
      - "*/*"
      User-Agent:
      - Ruby
  response:
    status:
      code: 200
      message: OK
    headers:
      Content-Type:
      - application/json
      Server:
      - nginx
      X-Artifactory-Id:
      - c1ec6ca2696a3944:3eed5ced:156c20cd259:-7f6b
      Via:
      - 1.1 varnish
      - 1.1 varnish
      Fastly-Debug-Digest:
      - 4d14e6fde2f6590ac6e47849b927a77b696cd2cdf0bbc7bc290dd3a4131113c4
      Content-Length:
      - '87'
      Accept-Ranges:
      - bytes
      Date:
      - Thu, 01 Sep 2016 19:41:06 GMT
      Age:
      - '77'
      Connection:
      - keep-alive
      X-Served-By:
      - cache-sjc3141-SJC, cache-den6021-DEN
      X-Cache:
      - MISS, HIT
      X-Cache-Hits:
      - 0, 1
      X-Timer:
      - S1472758866.053034,VS0,VE0
    body:
      encoding: UTF-8
      string: |2

        {
        "results" : [  ],
        "range" : {
          "start_pos" : 0,
          "end_pos" : 0,
          "total" : 0
        }
        }
    http_version: 
  recorded_at: Thu, 01 Sep 2016 19:41:10 GMT
- request:
    method: get
    uri: https://packages.chef.io/api/v1/stable/chef/12.14.33/artifacts
    body:
      encoding: US-ASCII
      string: ''
    headers:
      Accept-Encoding:
      - gzip;q=1.0,deflate;q=0.6,identity;q=0.3
      Accept:
      - "*/*"
      User-Agent:
      - Ruby
  response:
    status:
      code: 200
      message: OK
    headers:
      Content-Type:
      - application/json
      Server:
      - nginx
      X-Artifactory-Id:
      - c1ec6ca2696a3944:3eed5ced:156c20cd259:-7f6b
      Via:
      - 1.1 varnish
      - 1.1 varnish
      Fastly-Debug-Digest:
      - 67c685adf68a9767ebdb893444eac637edfa07e9fd9c42277930c71fd112352d
      Content-Length:
      - '87'
      Accept-Ranges:
      - bytes
      Date:
      - Thu, 01 Sep 2016 19:41:06 GMT
      Age:
      - '78'
      Connection:
      - keep-alive
      X-Served-By:
      - cache-sjc3151-SJC, cache-den6024-DEN
      X-Cache:
      - MISS, HIT
      X-Cache-Hits:
      - 0, 2
      X-Timer:
      - S1472758866.077883,VS0,VE0
    body:
      encoding: UTF-8
      string: |2

        {
        "results" : [  ],
        "range" : {
          "start_pos" : 0,
          "end_pos" : 0,
          "total" : 0
        }
        }
    http_version: 
  recorded_at: Thu, 01 Sep 2016 19:41:10 GMT
- request:
    method: get
    uri: https://packages.chef.io/api/v1/stable/chef/12.14.16/artifacts
    body:
      encoding: US-ASCII
      string: ''
    headers:
      Accept-Encoding:
      - gzip;q=1.0,deflate;q=0.6,identity;q=0.3
      Accept:
      - "*/*"
      User-Agent:
      - Ruby
  response:
    status:
      code: 200
      message: OK
    headers:
      Content-Type:
      - application/json
      Server:
      - nginx
      X-Artifactory-Id:
      - c1ec6ca2696a3944:3eed5ced:156c20cd259:-7f6b
      Via:
      - 1.1 varnish
      - 1.1 varnish
      Fastly-Debug-Digest:
      - 4e8e21a792633b7bf136af3ba3958600e237b022348b567eef380e91a17d58a5
      Content-Length:
      - '87'
      Accept-Ranges:
      - bytes
      Date:
      - Thu, 01 Sep 2016 19:41:06 GMT
      Age:
      - '78'
      Connection:
      - keep-alive
      X-Served-By:
      - cache-sjc3148-SJC, cache-den6022-DEN
      X-Cache:
      - MISS, HIT
      X-Cache-Hits:
      - 0, 3
      X-Timer:
      - S1472758866.113229,VS0,VE0
    body:
      encoding: UTF-8
      string: |2

        {
        "results" : [  ],
        "range" : {
          "start_pos" : 0,
          "end_pos" : 0,
          "total" : 0
        }
        }
    http_version: 
  recorded_at: Thu, 01 Sep 2016 19:41:10 GMT
- request:
    method: get
    uri: https://packages.chef.io/api/v1/stable/chef/12.14.12/artifacts
    body:
      encoding: US-ASCII
      string: ''
    headers:
      Accept-Encoding:
      - gzip;q=1.0,deflate;q=0.6,identity;q=0.3
      Accept:
      - "*/*"
      User-Agent:
      - Ruby
  response:
    status:
      code: 200
      message: OK
    headers:
      Content-Type:
      - application/json
      Server:
      - nginx
      X-Artifactory-Id:
      - c1ec6ca2696a3944:3eed5ced:156c20cd259:-7f6b
      Via:
      - 1.1 varnish
      - 1.1 varnish
      Fastly-Debug-Digest:
      - 4ec08eab46c719cb258256d18c2eb329fabd6cf76af72b28703e3f3ccdb122b2
      Content-Length:
      - '87'
      Accept-Ranges:
      - bytes
      Date:
      - Thu, 01 Sep 2016 19:41:06 GMT
      Age:
      - '77'
      Connection:
      - keep-alive
      X-Served-By:
      - cache-sjc3150-SJC, cache-den6027-DEN
      X-Cache:
      - MISS, HIT
      X-Cache-Hits:
      - 0, 5
      X-Timer:
      - S1472758866.138444,VS0,VE0
    body:
      encoding: UTF-8
      string: |2

        {
        "results" : [  ],
        "range" : {
          "start_pos" : 0,
          "end_pos" : 0,
          "total" : 0
        }
        }
    http_version: 
  recorded_at: Thu, 01 Sep 2016 19:41:10 GMT
- request:
    method: get
    uri: https://packages.chef.io/api/v1/stable/chef/12.14.10/artifacts
    body:
      encoding: US-ASCII
      string: ''
    headers:
      Accept-Encoding:
      - gzip;q=1.0,deflate;q=0.6,identity;q=0.3
      Accept:
      - "*/*"
      User-Agent:
      - Ruby
  response:
    status:
      code: 200
      message: OK
    headers:
      Content-Type:
      - application/json
      Server:
      - nginx
      X-Artifactory-Id:
      - c1ec6ca2696a3944:3eed5ced:156c20cd259:-7f6b
      Via:
      - 1.1 varnish
      - 1.1 varnish
      Fastly-Debug-Digest:
      - 121348ea0a6209141e790b6d89b2c42be328551c86b0eb242bfd55eeb51d5556
      Content-Length:
      - '87'
      Accept-Ranges:
      - bytes
      Date:
      - Thu, 01 Sep 2016 19:41:06 GMT
      Age:
      - '77'
      Connection:
      - keep-alive
      X-Served-By:
      - cache-sjc3129-SJC, cache-den6026-DEN
      X-Cache:
      - MISS, HIT
      X-Cache-Hits:
      - 0, 1
      X-Timer:
      - S1472758866.163882,VS0,VE0
    body:
      encoding: UTF-8
      string: |2

        {
        "results" : [  ],
        "range" : {
          "start_pos" : 0,
          "end_pos" : 0,
          "total" : 0
        }
        }
    http_version: 
  recorded_at: Thu, 01 Sep 2016 19:41:10 GMT
- request:
    method: get
    uri: https://packages.chef.io/api/v1/stable/chef/12.14.7/artifacts
    body:
      encoding: US-ASCII
      string: ''
    headers:
      Accept-Encoding:
      - gzip;q=1.0,deflate;q=0.6,identity;q=0.3
      Accept:
      - "*/*"
      User-Agent:
      - Ruby
  response:
    status:
      code: 200
      message: OK
    headers:
      Content-Type:
      - application/json
      Server:
      - nginx
      X-Artifactory-Id:
      - c1ec6ca2696a3944:3eed5ced:156c20cd259:-7f6b
      Via:
      - 1.1 varnish
      - 1.1 varnish
      Fastly-Debug-Digest:
      - 370d7ad3d4e6c0827e3dfd5f8ac6d56a62391c3b73769456e7f39fadde47acb6
      Content-Length:
      - '87'
      Accept-Ranges:
      - bytes
      Date:
      - Thu, 01 Sep 2016 19:41:06 GMT
      Age:
      - '77'
      Connection:
      - keep-alive
      X-Served-By:
      - cache-sjc3133-SJC, cache-den6026-DEN
      X-Cache:
      - MISS, HIT
      X-Cache-Hits:
      - 0, 2
      X-Timer:
      - S1472758866.188879,VS0,VE0
    body:
      encoding: UTF-8
      string: |2

        {
        "results" : [  ],
        "range" : {
          "start_pos" : 0,
          "end_pos" : 0,
          "total" : 0
        }
        }
    http_version: 
  recorded_at: Thu, 01 Sep 2016 19:41:10 GMT
- request:
    method: get
    uri: https://packages.chef.io/api/v1/stable/chef/12.14.6/artifacts
    body:
      encoding: US-ASCII
      string: ''
    headers:
      Accept-Encoding:
      - gzip;q=1.0,deflate;q=0.6,identity;q=0.3
      Accept:
      - "*/*"
      User-Agent:
      - Ruby
  response:
    status:
      code: 200
      message: OK
    headers:
      Content-Type:
      - application/json
      Server:
      - nginx
      X-Artifactory-Id:
      - c1ec6ca2696a3944:3eed5ced:156c20cd259:-7f6b
      Via:
      - 1.1 varnish
      - 1.1 varnish
      Fastly-Debug-Digest:
      - da90ac3bb504f86f80b2ba72d4e89781eed5677a49d5e739d9f01727810793b8
      Content-Length:
      - '87'
      Accept-Ranges:
      - bytes
      Date:
      - Thu, 01 Sep 2016 19:41:06 GMT
      Age:
      - '77'
      Connection:
      - keep-alive
      X-Served-By:
      - cache-sjc3151-SJC, cache-den6024-DEN
      X-Cache:
      - MISS, HIT
      X-Cache-Hits:
      - 0, 2
      X-Timer:
      - S1472758866.214858,VS0,VE0
    body:
      encoding: UTF-8
      string: |2

        {
        "results" : [  ],
        "range" : {
          "start_pos" : 0,
          "end_pos" : 0,
          "total" : 0
        }
        }
    http_version: 
  recorded_at: Thu, 01 Sep 2016 19:41:10 GMT
- request:
    method: get
    uri: https://packages.chef.io/api/v1/stable/chef/12.14.5/artifacts
    body:
      encoding: US-ASCII
      string: ''
    headers:
      Accept-Encoding:
      - gzip;q=1.0,deflate;q=0.6,identity;q=0.3
      Accept:
      - "*/*"
      User-Agent:
      - Ruby
  response:
    status:
      code: 200
      message: OK
    headers:
      Content-Type:
      - application/json
      Server:
      - nginx
      X-Artifactory-Id:
      - c1ec6ca2696a3944:3eed5ced:156c20cd259:-7f6b
      Via:
      - 1.1 varnish
      - 1.1 varnish
      Fastly-Debug-Digest:
      - 4a57c65be0d25f5e98a5e7b7b60dbe19011ec79a6d7a4bbdd12937848c183f80
      Content-Length:
      - '87'
      Accept-Ranges:
      - bytes
      Date:
      - Thu, 01 Sep 2016 19:41:06 GMT
      Age:
      - '77'
      Connection:
      - keep-alive
      X-Served-By:
      - cache-sjc3122-SJC, cache-den6022-DEN
      X-Cache:
      - MISS, HIT
      X-Cache-Hits:
      - 0, 3
      X-Timer:
      - S1472758866.241034,VS0,VE0
    body:
      encoding: UTF-8
      string: |2

        {
        "results" : [  ],
        "range" : {
          "start_pos" : 0,
          "end_pos" : 0,
          "total" : 0
        }
        }
    http_version: 
  recorded_at: Thu, 01 Sep 2016 19:41:10 GMT
- request:
    method: get
    uri: https://packages.chef.io/api/v1/stable/chef/12.14.4/artifacts
    body:
      encoding: US-ASCII
      string: ''
    headers:
      Accept-Encoding:
      - gzip;q=1.0,deflate;q=0.6,identity;q=0.3
      Accept:
      - "*/*"
      User-Agent:
      - Ruby
  response:
    status:
      code: 200
      message: OK
    headers:
      Content-Type:
      - application/json
      Server:
      - nginx
      X-Artifactory-Id:
      - c1ec6ca2696a3944:3eed5ced:156c20cd259:-7f6b
      Via:
      - 1.1 varnish
      - 1.1 varnish
      Fastly-Debug-Digest:
      - 53e4fba66d4478a7ef8a3778282707c0945959e9e819a38718baed35f14eea8f
      Content-Length:
      - '87'
      Accept-Ranges:
      - bytes
      Date:
      - Thu, 01 Sep 2016 19:41:06 GMT
      Age:
      - '77'
      Connection:
      - keep-alive
      X-Served-By:
      - cache-sjc3144-SJC, cache-den6022-DEN
      X-Cache:
      - MISS, HIT
      X-Cache-Hits:
      - 0, 1
      X-Timer:
      - S1472758866.267996,VS0,VE0
    body:
      encoding: UTF-8
      string: |2

        {
        "results" : [  ],
        "range" : {
          "start_pos" : 0,
          "end_pos" : 0,
          "total" : 0
        }
        }
    http_version: 
  recorded_at: Thu, 01 Sep 2016 19:41:10 GMT
- request:
    method: get
    uri: https://packages.chef.io/api/v1/stable/chef/12.14.3/artifacts
    body:
      encoding: US-ASCII
      string: ''
    headers:
      Accept-Encoding:
      - gzip;q=1.0,deflate;q=0.6,identity;q=0.3
      Accept:
      - "*/*"
      User-Agent:
      - Ruby
  response:
    status:
      code: 200
      message: OK
    headers:
      Content-Type:
      - application/json
      Server:
      - nginx
      X-Artifactory-Id:
      - c1ec6ca2696a3944:3eed5ced:156c20cd259:-7f6b
      Via:
      - 1.1 varnish
      - 1.1 varnish
      Fastly-Debug-Digest:
      - 005dcee5f9a3e17c6ef5fa3afb3bc12fd9ac21c9ba516bd1a3a0ec987d816e70
      Content-Length:
      - '87'
      Accept-Ranges:
      - bytes
      Date:
      - Thu, 01 Sep 2016 19:41:06 GMT
      Age:
      - '77'
      Connection:
      - keep-alive
      X-Served-By:
      - cache-sjc3120-SJC, cache-den6023-DEN
      X-Cache:
      - MISS, HIT
      X-Cache-Hits:
      - 0, 3
      X-Timer:
      - S1472758866.293391,VS0,VE0
    body:
      encoding: UTF-8
      string: |2

        {
        "results" : [  ],
        "range" : {
          "start_pos" : 0,
          "end_pos" : 0,
          "total" : 0
        }
        }
    http_version: 
  recorded_at: Thu, 01 Sep 2016 19:41:10 GMT
- request:
    method: get
    uri: https://packages.chef.io/api/v1/stable/chef/12.14.1/artifacts
    body:
      encoding: US-ASCII
      string: ''
    headers:
      Accept-Encoding:
      - gzip;q=1.0,deflate;q=0.6,identity;q=0.3
      Accept:
      - "*/*"
      User-Agent:
      - Ruby
  response:
    status:
      code: 200
      message: OK
    headers:
      Content-Type:
      - application/json
      Server:
      - nginx
      X-Artifactory-Id:
      - c1ec6ca2696a3944:3eed5ced:156c20cd259:-7f6b
      Via:
      - 1.1 varnish
      - 1.1 varnish
      Fastly-Debug-Digest:
      - 4db039b1438c6ce6a322568771f5f2e934dfe70a41c3df65052648e0b24c4bbe
      Content-Length:
      - '87'
      Accept-Ranges:
      - bytes
      Date:
      - Thu, 01 Sep 2016 19:41:06 GMT
      Age:
      - '77'
      Connection:
      - keep-alive
      X-Served-By:
      - cache-sjc3122-SJC, cache-den6020-DEN
      X-Cache:
      - MISS, HIT
      X-Cache-Hits:
      - 0, 1
      X-Timer:
      - S1472758866.316753,VS0,VE0
    body:
      encoding: UTF-8
      string: |2

        {
        "results" : [  ],
        "range" : {
          "start_pos" : 0,
          "end_pos" : 0,
          "total" : 0
        }
        }
    http_version: 
  recorded_at: Thu, 01 Sep 2016 19:41:10 GMT
- request:
    method: get
    uri: https://packages.chef.io/api/v1/stable/chef/12.13.41/artifacts
    body:
      encoding: US-ASCII
      string: ''
    headers:
      Accept-Encoding:
      - gzip;q=1.0,deflate;q=0.6,identity;q=0.3
      Accept:
      - "*/*"
      User-Agent:
      - Ruby
  response:
    status:
      code: 200
      message: OK
    headers:
      Content-Type:
      - application/json
      Server:
      - nginx
      X-Artifactory-Id:
      - c1ec6ca2696a3944:3eed5ced:156c20cd259:-7f6b
      Via:
      - 1.1 varnish
      - 1.1 varnish
      Fastly-Debug-Digest:
      - 54d20a1d72741cffebb0367a9da55926b26203fd21d51922960417b1d798a9c6
      Content-Length:
      - '87'
      Accept-Ranges:
      - bytes
      Date:
      - Thu, 01 Sep 2016 19:41:06 GMT
      Age:
      - '77'
      Connection:
      - keep-alive
      X-Served-By:
      - cache-sjc3146-SJC, cache-den6023-DEN
      X-Cache:
      - MISS, HIT
      X-Cache-Hits:
      - 0, 5
      X-Timer:
      - S1472758866.341826,VS0,VE0
    body:
      encoding: UTF-8
      string: |2

        {
        "results" : [  ],
        "range" : {
          "start_pos" : 0,
          "end_pos" : 0,
          "total" : 0
        }
        }
    http_version: 
  recorded_at: Thu, 01 Sep 2016 19:41:10 GMT
- request:
    method: get
    uri: https://packages.chef.io/api/v1/stable/chef/12.13.38/artifacts
    body:
      encoding: US-ASCII
      string: ''
    headers:
      Accept-Encoding:
      - gzip;q=1.0,deflate;q=0.6,identity;q=0.3
      Accept:
      - "*/*"
      User-Agent:
      - Ruby
  response:
    status:
      code: 200
      message: OK
    headers:
      Content-Type:
      - application/json
      Server:
      - nginx
      X-Artifactory-Id:
      - c1ec6ca2696a3944:3eed5ced:156c20cd259:-7f6b
      Via:
      - 1.1 varnish
      - 1.1 varnish
      Fastly-Debug-Digest:
      - 8235d8b57e4e911c0ac9d8724c4490b7479e4f461d271fd4323956420c0b4b9f
      Content-Length:
      - '87'
      Accept-Ranges:
      - bytes
      Date:
      - Thu, 01 Sep 2016 19:41:06 GMT
      Age:
      - '77'
      Connection:
      - keep-alive
      X-Served-By:
      - cache-sjc3144-SJC, cache-den6020-DEN
      X-Cache:
      - MISS, HIT
      X-Cache-Hits:
      - 0, 4
      X-Timer:
      - S1472758866.365264,VS0,VE0
    body:
      encoding: UTF-8
      string: |2

        {
        "results" : [  ],
        "range" : {
          "start_pos" : 0,
          "end_pos" : 0,
          "total" : 0
        }
        }
    http_version: 
  recorded_at: Thu, 01 Sep 2016 19:41:10 GMT
- request:
    method: get
    uri: https://packages.chef.io/api/v1/stable/chef/12.13.37/artifacts
    body:
      encoding: US-ASCII
      string: ''
    headers:
      Accept-Encoding:
      - gzip;q=1.0,deflate;q=0.6,identity;q=0.3
      Accept:
      - "*/*"
      User-Agent:
      - Ruby
  response:
    status:
      code: 200
      message: OK
    headers:
      Content-Type:
      - application/json
      Server:
      - nginx
      X-Artifactory-Id:
      - c1ec6ca2696a3944:3eed5ced:156c20cd259:-7f6b
      Via:
      - 1.1 varnish
      - 1.1 varnish
      Fastly-Debug-Digest:
      - 36ddf7a90cb5ca2d4d70322eef5abd2ccc4a1f1b41b519bab7b2110e146d49e1
      Content-Length:
      - '48850'
      Accept-Ranges:
      - bytes
      Date:
      - Thu, 01 Sep 2016 19:41:06 GMT
      Age:
      - '77'
      Connection:
      - keep-alive
      X-Served-By:
      - cache-sjc3150-SJC, cache-den6023-DEN
      X-Cache:
      - MISS, HIT
      X-Cache-Hits:
      - 0, 1
      X-Timer:
      - S1472758866.390280,VS0,VE0
    body:
      encoding: UTF-8
      string: |2

        {
        "results" : [ {
          "repo" : "omnibus-stable-local",
          "path" : "com/getchef/chef/12.13.37/debian/6",
          "name" : "chef_12.13.37-1_amd64.deb",
          "properties" : [ {
            "key" : "omnibus.project",
            "value" : "chef"
          }, {
            "key" : "omnibus.architecture",
            "value" : "x86_64"
          }, {
            "key" : "delivery.sha"
          }, {
            "key" : "omnibus.license",
            "value" : "Apache-2.0"
          }, {
            "key" : "build.name",
            "value" : "chef"
          }, {
            "key" : "omnibus.md5",
            "value" : "11ce3c1596d8faef1f658abdfe611d2c"
          }, {
            "key" : "omnibus.iteration",
            "value" : "1"
          }, {
            "key" : "omnibus.sha1",
            "value" : "00a9be581602d2738d64cc81ae5b591889e45c87"
          }, {
            "key" : "build.number",
            "value" : "12.13.37"
          }, {
            "key" : "omnibus.sha512",
            "value" : "de66061ce2a234feb4e8613dadfa56fb593c932b5252407b7ef82ba5c2003bafc8c131a68b524f4838179cb9c9da0358b55fac080a04fdf2fc6cfc110f11f79f"
          }, {
            "key" : "omnibus.platform_version",
            "value" : "6"
          }, {
            "key" : "omnibus.version",
            "value" : "12.13.37"
          }, {
            "key" : "omnibus.platform",
            "value" : "debian"
          }, {
            "key" : "omnibus.sha256",
            "value" : "42743b9d982e9d97806669d7c4e30557174cdbd648073bc52bedaad55e84ce25"
          }, {
            "key" : "delivery.change"
          } ]
        },{
          "repo" : "omnibus-stable-local",
          "path" : "com/getchef/chef/12.13.37/ubuntu/14.04",
          "name" : "chef_12.13.37-1_amd64.deb",
          "properties" : [ {
            "key" : "delivery.sha"
          }, {
            "key" : "omnibus.md5",
            "value" : "e1a8038df4968a3cc09f4b47055da7f7"
          }, {
            "key" : "build.name",
            "value" : "chef"
          }, {
            "key" : "omnibus.license",
            "value" : "Apache-2.0"
          }, {
            "key" : "omnibus.iteration",
            "value" : "1"
          }, {
            "key" : "omnibus.platform",
            "value" : "ubuntu"
          }, {
            "key" : "omnibus.version",
            "value" : "12.13.37"
          }, {
            "key" : "omnibus.architecture",
            "value" : "x86_64"
          }, {
            "key" : "omnibus.platform_version",
            "value" : "14.04"
          }, {
            "key" : "omnibus.sha512",
            "value" : "036ce095a9a57c2e2b69b6af979b5fcfe6ea274969eb2f8d0c164644dee649d4fd3c281ed3a3b6c69951c57a3782f86a138d24de7c151047c59b291f6382f133"
          }, {
            "key" : "delivery.change"
          }, {
            "key" : "omnibus.sha1",
            "value" : "72a0a10ba5684d1e51590c1bc022bcb2e99348c6"
          }, {
            "key" : "build.number",
            "value" : "12.13.37"
          }, {
            "key" : "omnibus.project",
            "value" : "chef"
          }, {
            "key" : "omnibus.sha256",
            "value" : "973c2bc9a84822158ba7c0c360d0a25c97420f293ccbe5d8019615a411460785"
          } ]
        },{
          "repo" : "omnibus-stable-local",
          "path" : "com/getchef/chef/12.13.37/ubuntu/12.04",
          "name" : "chef_12.13.37-1_i386.deb",
          "properties" : [ {
            "key" : "build.number",
            "value" : "12.13.37"
          }, {
            "key" : "omnibus.iteration",
            "value" : "1"
          }, {
            "key" : "omnibus.platform_version",
            "value" : "12.04"
          }, {
            "key" : "omnibus.sha512",
            "value" : "cb5e26b79ea44e518d62104b7f6709c222dfd96a1134e976f38b8bd516e5c19df0b951ecd0e73cc5fd6fcffa8ff7128e9609df06051d2563e061801133619cf9"
          }, {
            "key" : "delivery.change"
          }, {
            "key" : "omnibus.license",
            "value" : "Apache-2.0"
          }, {
            "key" : "omnibus.md5",
            "value" : "2922f0775a4559dd6ec8bd0ef629c903"
          }, {
            "key" : "omnibus.project",
            "value" : "chef"
          }, {
            "key" : "omnibus.platform",
            "value" : "ubuntu"
          }, {
            "key" : "build.name",
            "value" : "chef"
          }, {
            "key" : "omnibus.version",
            "value" : "12.13.37"
          }, {
            "key" : "omnibus.sha256",
            "value" : "2dd6cce7ced9615dd56c43415895c2afbd4b7c416ac2b643a082756f2a74c2fe"
          }, {
            "key" : "omnibus.sha1",
            "value" : "bd7eefa6b187017341b9b9dacd92469d3e078889"
          }, {
            "key" : "delivery.sha"
          }, {
            "key" : "omnibus.architecture",
            "value" : "i686"
          } ]
        },{
          "repo" : "omnibus-stable-local",
          "path" : "com/getchef/chef/12.13.37/el/6",
          "name" : "chef-12.13.37-1.el6.x86_64.rpm",
          "properties" : [ {
            "key" : "omnibus.license",
            "value" : "Apache-2.0"
          }, {
            "key" : "omnibus.version",
            "value" : "12.13.37"
          }, {
            "key" : "delivery.sha"
          }, {
            "key" : "omnibus.sha256",
            "value" : "16d908e3d25ec99e4d3abbc080f050c902467de2b481ec226b5e10ccd7062152"
          }, {
            "key" : "delivery.change"
          }, {
            "key" : "omnibus.sha1",
            "value" : "361ba82fe470a13b020330556c51a7ee64dcc692"
          }, {
            "key" : "build.number",
            "value" : "12.13.37"
          }, {
            "key" : "omnibus.architecture",
            "value" : "x86_64"
          }, {
            "key" : "omnibus.project",
            "value" : "chef"
          }, {
            "key" : "omnibus.sha512",
            "value" : "939c970a45e81353391a01ed9744e3c65edee0a7fe8d466fe832594f586a644087ee1ac0cbe7f5746d51efa335a4efb5049c268e01dc7134d85e5d3ecbbccc31"
          }, {
            "key" : "omnibus.platform_version",
            "value" : "6"
          }, {
            "key" : "build.name",
            "value" : "chef"
          }, {
            "key" : "omnibus.iteration",
            "value" : "1"
          }, {
            "key" : "omnibus.md5",
            "value" : "0a42ec6bd89e2a69f3d63c261a2a3127"
          }, {
            "key" : "omnibus.platform",
            "value" : "el"
          } ]
        },{
          "repo" : "omnibus-stable-local",
          "path" : "com/getchef/chef/12.13.37/debian/7",
          "name" : "chef_12.13.37-1_amd64.deb",
          "properties" : [ {
            "key" : "omnibus.platform",
            "value" : "debian"
          }, {
            "key" : "omnibus.architecture",
            "value" : "x86_64"
          }, {
            "key" : "delivery.change"
          }, {
            "key" : "omnibus.sha256",
            "value" : "42743b9d982e9d97806669d7c4e30557174cdbd648073bc52bedaad55e84ce25"
          }, {
            "key" : "omnibus.sha1",
            "value" : "00a9be581602d2738d64cc81ae5b591889e45c87"
          }, {
            "key" : "build.number",
            "value" : "12.13.37"
          }, {
            "key" : "omnibus.sha512",
            "value" : "de66061ce2a234feb4e8613dadfa56fb593c932b5252407b7ef82ba5c2003bafc8c131a68b524f4838179cb9c9da0358b55fac080a04fdf2fc6cfc110f11f79f"
          }, {
            "key" : "omnibus.project",
            "value" : "chef"
          }, {
            "key" : "omnibus.platform_version",
            "value" : "7"
          }, {
            "key" : "delivery.sha"
          }, {
            "key" : "omnibus.license",
            "value" : "Apache-2.0"
          }, {
            "key" : "build.name",
            "value" : "chef"
          }, {
            "key" : "omnibus.iteration",
            "value" : "1"
          }, {
            "key" : "omnibus.md5",
            "value" : "11ce3c1596d8faef1f658abdfe611d2c"
          }, {
            "key" : "omnibus.version",
            "value" : "12.13.37"
          } ]
        },{
          "repo" : "omnibus-stable-local",
          "path" : "com/getchef/chef/12.13.37/el/7",
          "name" : "chef-12.13.37-1.el7.ppc64.rpm",
          "properties" : [ {
            "key" : "omnibus.platform_version",
            "value" : "7"
          }, {
            "key" : "omnibus.sha1",
            "value" : "be57aeee7b94a7757d199b4dd3f8ec42f01eaa06"
          }, {
            "key" : "delivery.change"
          }, {
            "key" : "omnibus.sha512",
            "value" : "455dca7133942d7b131c660b27cf4012b80f288925a60f5a9df21f98b8ec6fe97abaf7aa52ad4eab86a487ba278a6ddb09b3dde4f4aca013e4379844ecec715d"
          }, {
            "key" : "omnibus.version",
            "value" : "12.13.37"
          }, {
            "key" : "omnibus.project",
            "value" : "chef"
          }, {
            "key" : "omnibus.sha256",
            "value" : "a129361b12f2807c29622d2727a65816b8d0287fa5bd3b447da91d29bb77bef4"
          }, {
            "key" : "build.number",
            "value" : "12.13.37"
          }, {
            "key" : "build.name",
            "value" : "chef"
          }, {
            "key" : "omnibus.license",
            "value" : "Apache-2.0"
          }, {
            "key" : "omnibus.md5",
            "value" : "0177cd2431d4609fd9daa67aa0003402"
          }, {
            "key" : "omnibus.architecture",
            "value" : "ppc64"
          }, {
            "key" : "omnibus.iteration",
            "value" : "1"
          }, {
            "key" : "omnibus.platform",
            "value" : "el"
          }, {
            "key" : "delivery.sha"
          } ]
        },{
          "repo" : "omnibus-stable-local",
          "path" : "com/getchef/chef/12.13.37/el/6",
          "name" : "chef-12.13.37-1.el6.i386.rpm",
          "properties" : [ {
            "key" : "omnibus.platform",
            "value" : "el"
          }, {
            "key" : "build.name",
            "value" : "chef"
          }, {
            "key" : "build.number",
            "value" : "12.13.37"
          }, {
            "key" : "omnibus.platform_version",
            "value" : "6"
          }, {
            "key" : "omnibus.sha512",
            "value" : "9204b7b3ee4da94722630faacc434f1d635e6e0a3e3bd79eed6a10d30003b3e084287eee7107d8aeb0aa84a19b60d542ba3c170eeff6ec107dfa5316719a3f05"
          }, {
            "key" : "omnibus.sha1",
            "value" : "3218220705489247532c7dca6e5d69d17e1dda3b"
          }, {
            "key" : "omnibus.project",
            "value" : "chef"
          }, {
            "key" : "omnibus.license",
            "value" : "Apache-2.0"
          }, {
            "key" : "omnibus.version",
            "value" : "12.13.37"
          }, {
            "key" : "omnibus.sha256",
            "value" : "8145917eea35068de01aa1201986e3a1ebbf3eee5d7b550c25ea2d17cf48e4f2"
          }, {
            "key" : "omnibus.md5",
            "value" : "a1f417d90c6cf9f034de012abdba4798"
          }, {
            "key" : "omnibus.iteration",
            "value" : "1"
          }, {
            "key" : "delivery.change"
          }, {
            "key" : "delivery.sha"
          }, {
            "key" : "omnibus.architecture",
            "value" : "i686"
          } ]
        },{
          "repo" : "omnibus-stable-local",
          "path" : "com/getchef/chef/12.13.37/solaris2/5.10",
          "name" : "chef-12.13.37-1.sparc.solaris",
          "properties" : [ {
            "key" : "omnibus.platform",
            "value" : "solaris2"
          }, {
            "key" : "build.name",
            "value" : "chef"
          }, {
            "key" : "delivery.sha"
          }, {
            "key" : "omnibus.md5",
            "value" : "8e6addc8db31d3ff38f04787315d85f5"
          }, {
            "key" : "omnibus.architecture",
            "value" : "sparc"
          }, {
            "key" : "build.number",
            "value" : "12.13.37"
          }, {
            "key" : "omnibus.version",
            "value" : "12.13.37"
          }, {
            "key" : "delivery.change"
          }, {
            "key" : "omnibus.sha256",
            "value" : "ffc83875e04b5ecd46b8fc63a2a4e62a4ad07cd81fa42717c1160c7b13a71573"
          }, {
            "key" : "omnibus.sha512",
            "value" : "14330344a958347d1f131d71b575cc8d2c7f332ef77f93a4c5d25fcced23ccf160d84cc05e697bbfa8647c290f937299f34724db6d591cba5a087d48d4a956a7"
          }, {
            "key" : "omnibus.iteration",
            "value" : "1"
          }, {
            "key" : "omnibus.platform_version",
            "value" : "5.10"
          }, {
            "key" : "omnibus.license",
            "value" : "Apache-2.0"
          }, {
            "key" : "omnibus.sha1",
            "value" : "44c1ca9500f4e12435756a79c14dec72346039d2"
          }, {
            "key" : "omnibus.project",
            "value" : "chef"
          } ]
        },{
          "repo" : "omnibus-stable-local",
          "path" : "com/getchef/chef/12.13.37/windows/2012",
          "name" : "chef-client-12.13.37-1-x86.msi",
          "properties" : [ {
            "key" : "omnibus.sha1",
            "value" : "95c35238f27ac48b22227f764fefce7e7eb6e85b"
          }, {
            "key" : "omnibus.sha512",
            "value" : "6a9de202f8c805d81c86f634c4b6c1d016c4d4e7de38a4e3fb64fa06c27489e673a430a85f24d6bd2ae03133a55470079cf619888b5b814f9bff5dade74e8f31"
          }, {
            "key" : "omnibus.md5",
            "value" : "ef689e900100f7191f6b735ce8d635e2"
          }, {
            "key" : "build.name",
            "value" : "chef"
          }, {
            "key" : "omnibus.sha256",
            "value" : "a4334abdb6673fad3048357a0d1cf05568e6455834ab8429181d6cb57208ed54"
          }, {
            "key" : "delivery.sha"
          }, {
            "key" : "build.number",
            "value" : "12.13.37"
          }, {
            "key" : "omnibus.platform_version",
            "value" : "2012"
          }, {
            "key" : "omnibus.version",
            "value" : "12.13.37"
          }, {
            "key" : "omnibus.iteration",
            "value" : "1"
          }, {
            "key" : "delivery.change"
          }, {
            "key" : "omnibus.architecture",
            "value" : "i386"
          }, {
            "key" : "omnibus.license",
            "value" : "Apache-2.0"
          }, {
            "key" : "omnibus.platform",
            "value" : "windows"
          }, {
            "key" : "omnibus.project",
            "value" : "chef"
          } ]
        },{
          "repo" : "omnibus-stable-local",
          "path" : "com/getchef/chef/12.13.37/debian/8",
          "name" : "chef_12.13.37-1_amd64.deb",
          "properties" : [ {
            "key" : "omnibus.version",
            "value" : "12.13.37"
          }, {
            "key" : "omnibus.license",
            "value" : "Apache-2.0"
          }, {
            "key" : "omnibus.iteration",
            "value" : "1"
          }, {
            "key" : "omnibus.md5",
            "value" : "11ce3c1596d8faef1f658abdfe611d2c"
          }, {
            "key" : "delivery.change"
          }, {
            "key" : "omnibus.sha256",
            "value" : "42743b9d982e9d97806669d7c4e30557174cdbd648073bc52bedaad55e84ce25"
          }, {
            "key" : "build.number",
            "value" : "12.13.37"
          }, {
            "key" : "omnibus.sha512",
            "value" : "de66061ce2a234feb4e8613dadfa56fb593c932b5252407b7ef82ba5c2003bafc8c131a68b524f4838179cb9c9da0358b55fac080a04fdf2fc6cfc110f11f79f"
          }, {
            "key" : "omnibus.platform_version",
            "value" : "8"
          }, {
            "key" : "omnibus.project",
            "value" : "chef"
          }, {
            "key" : "omnibus.sha1",
            "value" : "00a9be581602d2738d64cc81ae5b591889e45c87"
          }, {
            "key" : "build.name",
            "value" : "chef"
          }, {
            "key" : "omnibus.platform",
            "value" : "debian"
          }, {
            "key" : "omnibus.architecture",
            "value" : "x86_64"
          }, {
            "key" : "delivery.sha"
          } ]
        },{
          "repo" : "omnibus-stable-local",
          "path" : "com/getchef/chef/12.13.37/freebsd/9",
          "name" : "chef-12.13.37_1.amd64.sh",
          "properties" : [ {
            "key" : "delivery.change"
          }, {
            "key" : "omnibus.platform_version",
            "value" : "9"
          }, {
            "key" : "omnibus.sha1",
            "value" : "653087934b506888571a77cd71e82b04344b9d81"
          }, {
            "key" : "build.number",
            "value" : "12.13.37"
          }, {
            "key" : "omnibus.sha256",
            "value" : "fdc87929b9e771874ba2841e285c018de3f4e34daf696ea653e303f7955fd8c1"
          }, {
            "key" : "omnibus.iteration",
            "value" : "1"
          }, {
            "key" : "omnibus.project",
            "value" : "chef"
          }, {
            "key" : "omnibus.architecture",
            "value" : "amd64"
          }, {
            "key" : "omnibus.license",
            "value" : "Apache-2.0"
          }, {
            "key" : "build.name",
            "value" : "chef"
          }, {
            "key" : "omnibus.md5",
            "value" : "45a7dee83edfa6d7393b6d2df88d0cf8"
          }, {
            "key" : "delivery.sha"
          }, {
            "key" : "omnibus.sha512",
            "value" : "1c354e55dc434ed25efa351c89401a44663c28d8a0d9433fb5bfc72326817238744529f6b625c696ab6365a8be1d362293e1595fd9fe87ef1f37c211af3fba8a"
          }, {
            "key" : "omnibus.version",
            "value" : "12.13.37"
          }, {
            "key" : "omnibus.platform",
            "value" : "freebsd"
          } ]
        },{
          "repo" : "omnibus-stable-local",
          "path" : "com/getchef/chef/12.13.37/freebsd/10",
          "name" : "chef-12.13.37_1.amd64.sh",
          "properties" : [ {
            "key" : "omnibus.iteration",
            "value" : "1"
          }, {
            "key" : "omnibus.version",
            "value" : "12.13.37"
          }, {
            "key" : "build.number",
            "value" : "12.13.37"
          }, {
            "key" : "delivery.change"
          }, {
            "key" : "omnibus.platform",
            "value" : "freebsd"
          }, {
            "key" : "omnibus.license",
            "value" : "Apache-2.0"
          }, {
            "key" : "omnibus.architecture",
            "value" : "amd64"
          }, {
            "key" : "omnibus.sha512",
            "value" : "adae00a2056b3752694dc6c85814bfab76e223187908f4520d4ab681317f7c56d057c56cc480599cd4007bb27923071079d1beb6b01307052469af7f7428828c"
          }, {
            "key" : "omnibus.project",
            "value" : "chef"
          }, {
            "key" : "omnibus.sha1",
            "value" : "b07f93e28d1e76889484bfe5e209218fbe10d6c3"
          }, {
            "key" : "omnibus.md5",
            "value" : "92d4fa12038ecf5a8768e0b6bae7d50b"
          }, {
            "key" : "build.name",
            "value" : "chef"
          }, {
            "key" : "omnibus.platform_version",
            "value" : "10"
          }, {
            "key" : "omnibus.sha256",
            "value" : "45f1a5b4d0364cd0676d3b98b9b2838919be6f3523a6ab79a9133a0a13d22233"
          }, {
            "key" : "delivery.sha"
          } ]
        },{
          "repo" : "omnibus-stable-local",
          "path" : "com/getchef/chef/12.13.37/windows/2008r2",
          "name" : "chef-client-12.13.37-1-x64.msi",
          "properties" : [ {
            "key" : "delivery.change"
          }, {
            "key" : "omnibus.sha1",
            "value" : "45e70e705618ddda23b3b64063503971156fef53"
          }, {
            "key" : "omnibus.sha256",
            "value" : "08906cde0883f9b37deb777b482ff3fad63210139ec49c750c5d167613db9942"
          }, {
            "key" : "build.number",
            "value" : "12.13.37"
          }, {
            "key" : "omnibus.architecture",
            "value" : "x86_64"
          }, {
            "key" : "omnibus.platform",
            "value" : "windows"
          }, {
            "key" : "omnibus.iteration",
            "value" : "1"
          }, {
            "key" : "omnibus.project",
            "value" : "chef"
          }, {
            "key" : "omnibus.license",
            "value" : "Apache-2.0"
          }, {
            "key" : "omnibus.platform_version",
            "value" : "2008r2"
          }, {
            "key" : "delivery.sha"
          }, {
            "key" : "omnibus.md5",
            "value" : "6e6125a9a157340aec8956f79b634687"
          }, {
            "key" : "build.name",
            "value" : "chef"
          }, {
            "key" : "omnibus.version",
            "value" : "12.13.37"
          }, {
            "key" : "omnibus.sha512",
            "value" : "8d757439d078ac29e4ede9b332592938a7c6996290423bcc87944306e4b7b6ab207a39be33bd0528177719eab92a3a003c93fbfca2b5f97583ea6f5254dee528"
          } ]
        },{
          "repo" : "omnibus-stable-local",
          "path" : "com/getchef/chef/12.13.37/ubuntu/14.04",
          "name" : "chef_12.13.37-1_i386.deb",
          "properties" : [ {
            "key" : "omnibus.platform_version",
            "value" : "14.04"
          }, {
            "key" : "omnibus.sha1",
            "value" : "bd7eefa6b187017341b9b9dacd92469d3e078889"
          }, {
            "key" : "omnibus.platform",
            "value" : "ubuntu"
          }, {
            "key" : "delivery.change"
          }, {
            "key" : "omnibus.version",
            "value" : "12.13.37"
          }, {
            "key" : "omnibus.sha256",
            "value" : "2dd6cce7ced9615dd56c43415895c2afbd4b7c416ac2b643a082756f2a74c2fe"
          }, {
            "key" : "omnibus.architecture",
            "value" : "i686"
          }, {
            "key" : "delivery.sha"
          }, {
            "key" : "omnibus.license",
            "value" : "Apache-2.0"
          }, {
            "key" : "omnibus.sha512",
            "value" : "cb5e26b79ea44e518d62104b7f6709c222dfd96a1134e976f38b8bd516e5c19df0b951ecd0e73cc5fd6fcffa8ff7128e9609df06051d2563e061801133619cf9"
          }, {
            "key" : "omnibus.iteration",
            "value" : "1"
          }, {
            "key" : "build.name",
            "value" : "chef"
          }, {
            "key" : "build.number",
            "value" : "12.13.37"
          }, {
            "key" : "omnibus.md5",
            "value" : "2922f0775a4559dd6ec8bd0ef629c903"
          }, {
            "key" : "omnibus.project",
            "value" : "chef"
          } ]
        },{
          "repo" : "omnibus-stable-local",
          "path" : "com/getchef/chef/12.13.37/solaris2/5.10",
          "name" : "chef-12.13.37-1.i386.solaris",
          "properties" : [ {
            "key" : "omnibus.project",
            "value" : "chef"
          }, {
            "key" : "build.name",
            "value" : "chef"
          }, {
            "key" : "omnibus.md5",
            "value" : "a4798fadd4a61de05a7f6df25038e521"
          }, {
            "key" : "delivery.change"
          }, {
            "key" : "delivery.sha"
          }, {
            "key" : "omnibus.version",
            "value" : "12.13.37"
          }, {
            "key" : "omnibus.license",
            "value" : "Apache-2.0"
          }, {
            "key" : "omnibus.sha512",
            "value" : "b5445277d9deeb000239537c4171cdf412c3c4b3f4e49e6ffa78179fc32d9ff0b7b6c9b3e968aef336844b7bebb57a08ec350a4a07dc58ebec3e28a4dfb77900"
          }, {
            "key" : "build.number",
            "value" : "12.13.37"
          }, {
            "key" : "omnibus.architecture",
            "value" : "i386"
          }, {
            "key" : "omnibus.sha1",
            "value" : "63ec97a0371c21d7e14e0925572fcc2e6e6b5939"
          }, {
            "key" : "omnibus.iteration",
            "value" : "1"
          }, {
            "key" : "omnibus.sha256",
            "value" : "f1eee85e735ff6ab2a39adc0ef1917f0e0f6a5dfccdafd774fb1c33d21712e79"
          }, {
            "key" : "omnibus.platform",
            "value" : "solaris2"
          }, {
            "key" : "omnibus.platform_version",
            "value" : "5.10"
          } ]
        },{
          "repo" : "omnibus-stable-local",
          "path" : "com/getchef/chef/12.13.37/ubuntu/12.04",
          "name" : "chef_12.13.37-1_amd64.deb",
          "properties" : [ {
            "key" : "build.name",
            "value" : "chef"
          }, {
            "key" : "delivery.sha"
          }, {
            "key" : "omnibus.sha256",
            "value" : "973c2bc9a84822158ba7c0c360d0a25c97420f293ccbe5d8019615a411460785"
          }, {
            "key" : "omnibus.version",
            "value" : "12.13.37"
          }, {
            "key" : "omnibus.md5",
            "value" : "e1a8038df4968a3cc09f4b47055da7f7"
          }, {
            "key" : "delivery.change"
          }, {
            "key" : "build.number",
            "value" : "12.13.37"
          }, {
            "key" : "omnibus.architecture",
            "value" : "x86_64"
          }, {
            "key" : "omnibus.sha1",
            "value" : "72a0a10ba5684d1e51590c1bc022bcb2e99348c6"
          }, {
            "key" : "omnibus.project",
            "value" : "chef"
          }, {
            "key" : "omnibus.platform",
            "value" : "ubuntu"
          }, {
            "key" : "omnibus.sha512",
            "value" : "036ce095a9a57c2e2b69b6af979b5fcfe6ea274969eb2f8d0c164644dee649d4fd3c281ed3a3b6c69951c57a3782f86a138d24de7c151047c59b291f6382f133"
          }, {
            "key" : "omnibus.iteration",
            "value" : "1"
          }, {
            "key" : "omnibus.platform_version",
            "value" : "12.04"
          }, {
            "key" : "omnibus.license",
            "value" : "Apache-2.0"
          } ]
        },{
          "repo" : "omnibus-stable-local",
          "path" : "com/getchef/chef/12.13.37/el/5",
          "name" : "chef-12.13.37-1.el5.x86_64.rpm",
          "properties" : [ {
            "key" : "omnibus.sha1",
            "value" : "1d32a3284c572921dd41710c87a9b8205862919c"
          }, {
            "key" : "build.name",
            "value" : "chef"
          }, {
            "key" : "omnibus.md5",
            "value" : "444877672413f4f12b4caa29ad787462"
          }, {
            "key" : "omnibus.platform",
            "value" : "el"
          }, {
            "key" : "delivery.sha"
          }, {
            "key" : "omnibus.architecture",
            "value" : "x86_64"
          }, {
            "key" : "omnibus.version",
            "value" : "12.13.37"
          }, {
            "key" : "delivery.change"
          }, {
            "key" : "build.number",
            "value" : "12.13.37"
          }, {
            "key" : "omnibus.sha512",
            "value" : "ebbed3888e829af7e04802451c7c581371157bda1c529a1500b8bb06a027523ba80eba5a4668868f0fcd10561c9ad2231215f6d76aaab0e32497112733b57b14"
          }, {
            "key" : "omnibus.iteration",
            "value" : "1"
          }, {
            "key" : "omnibus.platform_version",
            "value" : "5"
          }, {
            "key" : "omnibus.license",
            "value" : "Apache-2.0"
          }, {
            "key" : "omnibus.project",
            "value" : "chef"
          }, {
            "key" : "omnibus.sha256",
            "value" : "afc8e0f4c60055cf08ab3914c6ae25e183e234e7efcfa81080339e2986a97e0e"
          } ]
        },{
          "repo" : "omnibus-stable-local",
          "path" : "com/getchef/chef/12.13.37/ubuntu/14.04",
          "name" : "chef_12.13.37-1_ppc64el.deb",
          "properties" : [ {
            "key" : "build.number",
            "value" : "12.13.37"
          }, {
            "key" : "omnibus.platform_version",
            "value" : "14.04"
          }, {
            "key" : "omnibus.platform",
            "value" : "ubuntu"
          }, {
            "key" : "omnibus.project",
            "value" : "chef"
          }, {
            "key" : "omnibus.iteration",
            "value" : "1"
          }, {
            "key" : "build.name",
            "value" : "chef"
          }, {
            "key" : "omnibus.sha512",
            "value" : "aa6f8627014ac27ccc2a98cb257d404e137d7a30a3abdf40227f80dd87361a870ad0383ec1fa86725c7276a521a050c7adf66bf0f18dcdd087962e8f7f63743e"
          }, {
            "key" : "omnibus.license",
            "value" : "Apache-2.0"
          }, {
            "key" : "omnibus.md5",
            "value" : "12191b12462b2e11f043ceccd67e9a25"
          }, {
            "key" : "omnibus.architecture",
            "value" : "ppc64le"
          }, {
            "key" : "delivery.sha"
          }, {
            "key" : "omnibus.sha1",
            "value" : "3df67b823c76f03fc3172a536068e4b4579a7e19"
          }, {
            "key" : "omnibus.sha256",
            "value" : "370b9c0b4bfe969008c6584c12b4bd80dd2111add3d76318c02a5657dc4dd2a8"
          }, {
            "key" : "delivery.change"
          }, {
            "key" : "omnibus.version",
            "value" : "12.13.37"
          } ]
        },{
          "repo" : "omnibus-stable-local",
          "path" : "com/getchef/chef/12.13.37/mac_os_x/10.9",
          "name" : "chef-12.13.37-1.dmg",
          "properties" : [ {
            "key" : "omnibus.project",
            "value" : "chef"
          }, {
            "key" : "omnibus.architecture",
            "value" : "x86_64"
          }, {
            "key" : "build.name",
            "value" : "chef"
          }, {
            "key" : "omnibus.md5",
            "value" : "642fd093f66239cf8c8800c97cd1f722"
          }, {
            "key" : "omnibus.iteration",
            "value" : "1"
          }, {
            "key" : "omnibus.license",
            "value" : "Apache-2.0"
          }, {
            "key" : "omnibus.sha512",
            "value" : "516530ed2fc9e0e6706668a5676acf45160d9e28d49e829ffa3a80b95a252edfbadb3745a3e0ceafc381d6fdfb9ed44035ea43c6565b9c02c0b1051e6dc5911a"
          }, {
            "key" : "delivery.sha"
          }, {
            "key" : "omnibus.sha1",
            "value" : "b0cf9ea814d061527dfde3367c8d99a6375e4273"
          }, {
            "key" : "delivery.change"
          }, {
            "key" : "omnibus.platform_version",
            "value" : "10.9"
          }, {
            "key" : "build.number",
            "value" : "12.13.37"
          }, {
            "key" : "omnibus.sha256",
            "value" : "a1c595d2fd1e34bc7437b039ff497cea1499b97e3b2170a921486eba4ed8cee2"
          }, {
            "key" : "omnibus.version",
            "value" : "12.13.37"
          }, {
            "key" : "omnibus.platform",
            "value" : "mac_os_x"
          } ]
        },{
          "repo" : "omnibus-stable-local",
          "path" : "com/getchef/chef/12.13.37/windows/2012r2",
          "name" : "chef-client-12.13.37-1-x64.msi",
          "properties" : [ {
            "key" : "build.name",
            "value" : "chef"
          }, {
            "key" : "omnibus.project",
            "value" : "chef"
          }, {
            "key" : "omnibus.architecture",
            "value" : "x86_64"
          }, {
            "key" : "omnibus.license",
            "value" : "Apache-2.0"
          }, {
            "key" : "delivery.sha"
          }, {
            "key" : "omnibus.sha512",
            "value" : "8d757439d078ac29e4ede9b332592938a7c6996290423bcc87944306e4b7b6ab207a39be33bd0528177719eab92a3a003c93fbfca2b5f97583ea6f5254dee528"
          }, {
            "key" : "omnibus.iteration",
            "value" : "1"
          }, {
            "key" : "omnibus.md5",
            "value" : "6e6125a9a157340aec8956f79b634687"
          }, {
            "key" : "build.number",
            "value" : "12.13.37"
          }, {
            "key" : "omnibus.sha1",
            "value" : "45e70e705618ddda23b3b64063503971156fef53"
          }, {
            "key" : "delivery.change"
          }, {
            "key" : "omnibus.platform",
            "value" : "windows"
          }, {
            "key" : "omnibus.sha256",
            "value" : "08906cde0883f9b37deb777b482ff3fad63210139ec49c750c5d167613db9942"
          }, {
            "key" : "omnibus.version",
            "value" : "12.13.37"
          }, {
            "key" : "omnibus.platform_version",
            "value" : "2012r2"
          } ]
        },{
          "repo" : "omnibus-stable-local",
          "path" : "com/getchef/chef/12.13.37/ios_xr/6",
          "name" : "chef-12.13.37-1.ios_xr6.x86_64.rpm",
          "properties" : [ {
            "key" : "omnibus.project",
            "value" : "chef"
          }, {
            "key" : "omnibus.architecture",
            "value" : "x86_64"
          }, {
            "key" : "omnibus.sha512",
            "value" : "3552859f5f97d23e46c7dd18e3a80bd250d55c368f166751cdab9086b99af6a6f08cc88de5b0ab5d547c2fadcf5a1bbddb5baebfbfcfb2524a7975611d154d2c"
          }, {
            "key" : "omnibus.platform_version",
            "value" : "6"
          }, {
            "key" : "build.name",
            "value" : "chef"
          }, {
            "key" : "omnibus.license",
            "value" : "Apache-2.0"
          }, {
            "key" : "omnibus.platform",
            "value" : "ios_xr"
          }, {
            "key" : "omnibus.iteration",
            "value" : "1"
          }, {
            "key" : "omnibus.md5",
            "value" : "df5fbee3690cbb8d02715627a4009acf"
          }, {
            "key" : "build.number",
            "value" : "12.13.37"
          }, {
            "key" : "omnibus.sha1",
            "value" : "acec96ac5cd0de076270477e1cea49befe3f0f2c"
          }, {
            "key" : "delivery.change"
          }, {
            "key" : "delivery.sha"
          }, {
            "key" : "omnibus.sha256",
            "value" : "49ce1cba80350ae162402f68d9b9e50f3a2d84e8a01cab0613d522ad82b0e5d2"
          }, {
            "key" : "omnibus.version",
            "value" : "12.13.37"
          } ]
        },{
          "repo" : "omnibus-stable-local",
          "path" : "com/getchef/chef/12.13.37/aix/6.1",
          "name" : "chef-12.13.37-1.powerpc.bff",
          "properties" : [ {
            "key" : "omnibus.sha512",
            "value" : "9e4580fd9549f70d4f58fd2b0ae9b4ece8bb62c708ac634332f9765b348f8865427d8fcc327718a78c574aad2400c198a9ab4b8947964363eaf576805cb9240f"
          }, {
            "key" : "omnibus.platform_version",
            "value" : "6.1"
          }, {
            "key" : "build.name",
            "value" : "chef"
          }, {
            "key" : "delivery.sha"
          }, {
            "key" : "omnibus.platform",
            "value" : "aix"
          }, {
            "key" : "build.number",
            "value" : "12.13.37"
          }, {
            "key" : "omnibus.version",
            "value" : "12.13.37"
          }, {
            "key" : "omnibus.iteration",
            "value" : "1"
          }, {
            "key" : "delivery.change"
          }, {
            "key" : "omnibus.sha256",
            "value" : "06f56639cd3289fe8a3bdd56dcb7f9b40654828e34a004aa0a6ab100d3260d3a"
          }, {
            "key" : "omnibus.license",
            "value" : "Apache-2.0"
          }, {
            "key" : "omnibus.sha1",
            "value" : "827783176a0263f58db72ca4e5f926f68612cd3a"
          }, {
            "key" : "omnibus.architecture",
            "value" : "powerpc"
          }, {
            "key" : "omnibus.md5",
            "value" : "80ead88b5fc587e52d6656b505d3621f"
          }, {
            "key" : "omnibus.project",
            "value" : "chef"
          } ]
        },{
          "repo" : "omnibus-stable-local",
          "path" : "com/getchef/chef/12.13.37/el/5",
          "name" : "chef-12.13.37-1.el5.i386.rpm",
          "properties" : [ {
            "key" : "delivery.sha"
          }, {
            "key" : "omnibus.md5",
            "value" : "cc3db88a466037d8783beb961e7f130c"
          }, {
            "key" : "build.name",
            "value" : "chef"
          }, {
            "key" : "omnibus.sha1",
            "value" : "b338f56c54657e0b19598256a5e4606d304cefcf"
          }, {
            "key" : "omnibus.version",
            "value" : "12.13.37"
          }, {
            "key" : "omnibus.architecture",
            "value" : "i686"
          }, {
            "key" : "omnibus.sha512",
            "value" : "3913ae418cd9953281205f463dbde8ed0d89f3b32fc09e44d334f45cbe58056c5230c2e9424ebd57e5c7d28801dba27402bdd78b70a4d1de563e50173c5d3a48"
          }, {
            "key" : "omnibus.platform_version",
            "value" : "5"
          }, {
            "key" : "build.number",
            "value" : "12.13.37"
          }, {
            "key" : "delivery.change"
          }, {
            "key" : "omnibus.sha256",
            "value" : "4ed7b04b2c62796b637c10a68b9f341023e1333c852fe9133f3d605e75ccbf4a"
          }, {
            "key" : "omnibus.iteration",
            "value" : "1"
          }, {
            "key" : "omnibus.platform",
            "value" : "el"
          }, {
            "key" : "omnibus.project",
            "value" : "chef"
          }, {
            "key" : "omnibus.license",
            "value" : "Apache-2.0"
          } ]
        },{
          "repo" : "omnibus-stable-local",
          "path" : "com/getchef/chef/12.13.37/windows/2012",
          "name" : "chef-client-12.13.37-1-x64.msi",
          "properties" : [ {
            "key" : "omnibus.sha512",
            "value" : "8d757439d078ac29e4ede9b332592938a7c6996290423bcc87944306e4b7b6ab207a39be33bd0528177719eab92a3a003c93fbfca2b5f97583ea6f5254dee528"
          }, {
            "key" : "omnibus.platform",
            "value" : "windows"
          }, {
            "key" : "omnibus.iteration",
            "value" : "1"
          }, {
            "key" : "delivery.sha"
          }, {
            "key" : "omnibus.md5",
            "value" : "6e6125a9a157340aec8956f79b634687"
          }, {
            "key" : "omnibus.platform_version",
            "value" : "2012"
          }, {
            "key" : "build.number",
            "value" : "12.13.37"
          }, {
            "key" : "delivery.change"
          }, {
            "key" : "omnibus.version",
            "value" : "12.13.37"
          }, {
            "key" : "omnibus.project",
            "value" : "chef"
          }, {
            "key" : "omnibus.architecture",
            "value" : "x86_64"
          }, {
            "key" : "build.name",
            "value" : "chef"
          }, {
            "key" : "omnibus.sha1",
            "value" : "45e70e705618ddda23b3b64063503971156fef53"
          }, {
            "key" : "omnibus.sha256",
            "value" : "08906cde0883f9b37deb777b482ff3fad63210139ec49c750c5d167613db9942"
          }, {
            "key" : "omnibus.license",
            "value" : "Apache-2.0"
          } ]
        },{
          "repo" : "omnibus-stable-local",
          "path" : "com/getchef/chef/12.13.37/mac_os_x/10.10",
          "name" : "chef-12.13.37-1.dmg",
          "properties" : [ {
            "key" : "omnibus.sha256",
            "value" : "a1c595d2fd1e34bc7437b039ff497cea1499b97e3b2170a921486eba4ed8cee2"
          }, {
            "key" : "omnibus.iteration",
            "value" : "1"
          }, {
            "key" : "delivery.change"
          }, {
            "key" : "build.number",
            "value" : "12.13.37"
          }, {
            "key" : "omnibus.license",
            "value" : "Apache-2.0"
          }, {
            "key" : "build.name",
            "value" : "chef"
          }, {
            "key" : "omnibus.md5",
            "value" : "642fd093f66239cf8c8800c97cd1f722"
          }, {
            "key" : "omnibus.project",
            "value" : "chef"
          }, {
            "key" : "delivery.sha"
          }, {
            "key" : "omnibus.sha512",
            "value" : "516530ed2fc9e0e6706668a5676acf45160d9e28d49e829ffa3a80b95a252edfbadb3745a3e0ceafc381d6fdfb9ed44035ea43c6565b9c02c0b1051e6dc5911a"
          }, {
            "key" : "omnibus.architecture",
            "value" : "x86_64"
          }, {
            "key" : "omnibus.sha1",
            "value" : "b0cf9ea814d061527dfde3367c8d99a6375e4273"
          }, {
            "key" : "omnibus.platform",
            "value" : "mac_os_x"
          }, {
            "key" : "omnibus.platform_version",
            "value" : "10.10"
          }, {
            "key" : "omnibus.version",
            "value" : "12.13.37"
          } ]
        },{
          "repo" : "omnibus-stable-local",
          "path" : "com/getchef/chef/12.13.37/windows/2012r2",
          "name" : "chef-client-12.13.37-1-x86.msi",
          "properties" : [ {
            "key" : "build.number",
            "value" : "12.13.37"
          }, {
            "key" : "omnibus.platform",
            "value" : "windows"
          }, {
            "key" : "omnibus.iteration",
            "value" : "1"
          }, {
            "key" : "omnibus.project",
            "value" : "chef"
          }, {
            "key" : "omnibus.sha512",
            "value" : "6a9de202f8c805d81c86f634c4b6c1d016c4d4e7de38a4e3fb64fa06c27489e673a430a85f24d6bd2ae03133a55470079cf619888b5b814f9bff5dade74e8f31"
          }, {
            "key" : "omnibus.license",
            "value" : "Apache-2.0"
          }, {
            "key" : "build.name",
            "value" : "chef"
          }, {
            "key" : "omnibus.architecture",
            "value" : "i386"
          }, {
            "key" : "delivery.sha"
          }, {
            "key" : "omnibus.version",
            "value" : "12.13.37"
          }, {
            "key" : "omnibus.md5",
            "value" : "ef689e900100f7191f6b735ce8d635e2"
          }, {
            "key" : "omnibus.platform_version",
            "value" : "2012r2"
          }, {
            "key" : "delivery.change"
          }, {
            "key" : "omnibus.sha1",
            "value" : "95c35238f27ac48b22227f764fefce7e7eb6e85b"
          }, {
            "key" : "omnibus.sha256",
            "value" : "a4334abdb6673fad3048357a0d1cf05568e6455834ab8429181d6cb57208ed54"
          } ]
        },{
          "repo" : "omnibus-stable-local",
          "path" : "com/getchef/chef/12.13.37/nexus/7",
          "name" : "chef-12.13.37-1.nexus7.x86_64.rpm",
          "properties" : [ {
            "key" : "omnibus.architecture",
            "value" : "x86_64"
          }, {
            "key" : "omnibus.project",
            "value" : "chef"
          }, {
            "key" : "omnibus.platform",
            "value" : "nexus"
          }, {
            "key" : "omnibus.platform_version",
            "value" : "7"
          }, {
            "key" : "omnibus.sha512",
            "value" : "805cfeeef45c226749d291ab5891ac1d7a102f7f04aec7841ec395e14777767c3cc7d2e153610c69ae69b37d96235a25a79ec97363ab9a72c819a2cd15c107bc"
          }, {
            "key" : "omnibus.sha256",
            "value" : "97c832e15eccea58dc5352fba3a40e178f30841d29f47f44dc98da5569621b29"
          }, {
            "key" : "build.name",
            "value" : "chef"
          }, {
            "key" : "omnibus.iteration",
            "value" : "1"
          }, {
            "key" : "omnibus.license",
            "value" : "Apache-2.0"
          }, {
            "key" : "omnibus.version",
            "value" : "12.13.37"
          }, {
            "key" : "delivery.sha"
          }, {
            "key" : "omnibus.md5",
            "value" : "33a3761c2b2df67e3dd6ae1c4b26b714"
          }, {
            "key" : "omnibus.sha1",
            "value" : "7aad3fbde402347a36585b6f772da40a8c983b1d"
          }, {
            "key" : "build.number",
            "value" : "12.13.37"
          }, {
            "key" : "delivery.change"
          } ]
        },{
          "repo" : "omnibus-stable-local",
          "path" : "com/getchef/chef/12.13.37/freebsd/10",
          "name" : "chef-12.13.37_1.i386.sh",
          "properties" : [ {
            "key" : "omnibus.platform_version",
            "value" : "10"
          }, {
            "key" : "omnibus.project",
            "value" : "chef"
          }, {
            "key" : "omnibus.sha256",
            "value" : "fde4e88890d85c9ee6989355fda64b3600591479e9635ed9cdb11aad9b6e710b"
          }, {
            "key" : "omnibus.architecture",
            "value" : "i386"
          }, {
            "key" : "omnibus.sha1",
            "value" : "a6582a8544b49d7481a527d3a6660573dd93cd6e"
          }, {
            "key" : "delivery.change"
          }, {
            "key" : "omnibus.sha512",
            "value" : "2687104a2263c36aa986531840f1b69e673fe59411c5ad190c485dddd15ccfb39879ce3330e8ea5f7229c1309bc8caf12b259450a6dda177b716c4e130b7d74f"
          }, {
            "key" : "build.number",
            "value" : "12.13.37"
          }, {
            "key" : "omnibus.platform",
            "value" : "freebsd"
          }, {
            "key" : "omnibus.md5",
            "value" : "29106fe48001ade8ace7d7bbe5d465f2"
          }, {
            "key" : "omnibus.version",
            "value" : "12.13.37"
          }, {
            "key" : "omnibus.license",
            "value" : "Apache-2.0"
          }, {
            "key" : "delivery.sha"
          }, {
            "key" : "build.name",
            "value" : "chef"
          }, {
            "key" : "omnibus.iteration",
            "value" : "1"
          } ]
        },{
          "repo" : "omnibus-stable-local",
          "path" : "com/getchef/chef/12.13.37/debian/7",
          "name" : "chef_12.13.37-1_i386.deb",
          "properties" : [ {
            "key" : "delivery.sha"
          }, {
            "key" : "omnibus.license",
            "value" : "Apache-2.0"
          }, {
            "key" : "omnibus.project",
            "value" : "chef"
          }, {
            "key" : "omnibus.version",
            "value" : "12.13.37"
          }, {
            "key" : "omnibus.sha256",
            "value" : "ac306b15623887f44d30747ef6a077cf81c7c8f53b0d7acd8b3f5c587ac72c98"
          }, {
            "key" : "build.number",
            "value" : "12.13.37"
          }, {
            "key" : "delivery.change"
          }, {
            "key" : "omnibus.platform",
            "value" : "debian"
          }, {
            "key" : "omnibus.md5",
            "value" : "20e8d22277d72f1d6f0e779582b87dd8"
          }, {
            "key" : "omnibus.platform_version",
            "value" : "7"
          }, {
            "key" : "omnibus.sha1",
            "value" : "88fa2ecfde748f6a0844e65d94307572545641b6"
          }, {
            "key" : "omnibus.sha512",
            "value" : "0efbb2fc0f8860cdadcea3c737bca0ef77a434c7d9c902bbd2aed1b0bfd359ab5cddccb0cc5e8b97098a5bf4ba0d568cb6e381070da925c856cab080b3b17097"
          }, {
            "key" : "omnibus.architecture",
            "value" : "i686"
          }, {
            "key" : "omnibus.iteration",
            "value" : "1"
          }, {
            "key" : "build.name",
            "value" : "chef"
          } ]
        },{
          "repo" : "omnibus-stable-local",
          "path" : "com/getchef/chef/12.13.37/debian/6",
          "name" : "chef_12.13.37-1_i386.deb",
          "properties" : [ {
            "key" : "omnibus.version",
            "value" : "12.13.37"
          }, {
            "key" : "omnibus.architecture",
            "value" : "i686"
          }, {
            "key" : "omnibus.iteration",
            "value" : "1"
          }, {
            "key" : "omnibus.license",
            "value" : "Apache-2.0"
          }, {
            "key" : "delivery.change"
          }, {
            "key" : "omnibus.sha1",
            "value" : "88fa2ecfde748f6a0844e65d94307572545641b6"
          }, {
            "key" : "build.number",
            "value" : "12.13.37"
          }, {
            "key" : "omnibus.platform_version",
            "value" : "6"
          }, {
            "key" : "omnibus.md5",
            "value" : "20e8d22277d72f1d6f0e779582b87dd8"
          }, {
            "key" : "omnibus.project",
            "value" : "chef"
          }, {
            "key" : "omnibus.sha256",
            "value" : "ac306b15623887f44d30747ef6a077cf81c7c8f53b0d7acd8b3f5c587ac72c98"
          }, {
            "key" : "omnibus.sha512",
            "value" : "0efbb2fc0f8860cdadcea3c737bca0ef77a434c7d9c902bbd2aed1b0bfd359ab5cddccb0cc5e8b97098a5bf4ba0d568cb6e381070da925c856cab080b3b17097"
          }, {
            "key" : "build.name",
            "value" : "chef"
          }, {
            "key" : "omnibus.platform",
            "value" : "debian"
          }, {
            "key" : "delivery.sha"
          } ]
        },{
          "repo" : "omnibus-stable-local",
          "path" : "com/getchef/chef/12.13.37/aix/7.1",
          "name" : "chef-12.13.37-1.powerpc.bff",
          "properties" : [ {
            "key" : "omnibus.sha256",
            "value" : "06f56639cd3289fe8a3bdd56dcb7f9b40654828e34a004aa0a6ab100d3260d3a"
          }, {
            "key" : "delivery.sha"
          }, {
            "key" : "omnibus.license",
            "value" : "Apache-2.0"
          }, {
            "key" : "omnibus.version",
            "value" : "12.13.37"
          }, {
            "key" : "omnibus.architecture",
            "value" : "powerpc"
          }, {
            "key" : "build.number",
            "value" : "12.13.37"
          }, {
            "key" : "delivery.change"
          }, {
            "key" : "omnibus.sha1",
            "value" : "827783176a0263f58db72ca4e5f926f68612cd3a"
          }, {
            "key" : "omnibus.project",
            "value" : "chef"
          }, {
            "key" : "omnibus.md5",
            "value" : "80ead88b5fc587e52d6656b505d3621f"
          }, {
            "key" : "omnibus.sha512",
            "value" : "9e4580fd9549f70d4f58fd2b0ae9b4ece8bb62c708ac634332f9765b348f8865427d8fcc327718a78c574aad2400c198a9ab4b8947964363eaf576805cb9240f"
          }, {
            "key" : "omnibus.platform",
            "value" : "aix"
          }, {
            "key" : "build.name",
            "value" : "chef"
          }, {
            "key" : "omnibus.iteration",
            "value" : "1"
          }, {
            "key" : "omnibus.platform_version",
            "value" : "7.1"
          } ]
        },{
          "repo" : "omnibus-stable-local",
          "path" : "com/getchef/chef/12.13.37/mac_os_x/10.11",
          "name" : "chef-12.13.37-1.dmg",
          "properties" : [ {
            "key" : "omnibus.version",
            "value" : "12.13.37"
          }, {
            "key" : "omnibus.iteration",
            "value" : "1"
          }, {
            "key" : "omnibus.sha256",
            "value" : "a1c595d2fd1e34bc7437b039ff497cea1499b97e3b2170a921486eba4ed8cee2"
          }, {
            "key" : "delivery.sha"
          }, {
            "key" : "omnibus.sha1",
            "value" : "b0cf9ea814d061527dfde3367c8d99a6375e4273"
          }, {
            "key" : "omnibus.license",
            "value" : "Apache-2.0"
          }, {
            "key" : "build.name",
            "value" : "chef"
          }, {
            "key" : "omnibus.project",
            "value" : "chef"
          }, {
            "key" : "omnibus.architecture",
            "value" : "x86_64"
          }, {
            "key" : "omnibus.md5",
            "value" : "642fd093f66239cf8c8800c97cd1f722"
          }, {
            "key" : "omnibus.platform",
            "value" : "mac_os_x"
          }, {
            "key" : "build.number",
            "value" : "12.13.37"
          }, {
            "key" : "omnibus.platform_version",
            "value" : "10.11"
          }, {
            "key" : "omnibus.sha512",
            "value" : "516530ed2fc9e0e6706668a5676acf45160d9e28d49e829ffa3a80b95a252edfbadb3745a3e0ceafc381d6fdfb9ed44035ea43c6565b9c02c0b1051e6dc5911a"
          }, {
            "key" : "delivery.change"
          } ]
        },{
          "repo" : "omnibus-stable-local",
          "path" : "com/getchef/chef/12.13.37/freebsd/9",
          "name" : "chef-12.13.37_1.i386.sh",
          "properties" : [ {
            "key" : "omnibus.platform_version",
            "value" : "9"
          }, {
            "key" : "omnibus.sha1",
            "value" : "046147c030bd7dff82d616ff801e68c1a4526d2d"
          }, {
            "key" : "delivery.change"
          }, {
            "key" : "omnibus.version",
            "value" : "12.13.37"
          }, {
            "key" : "omnibus.platform",
            "value" : "freebsd"
          }, {
            "key" : "omnibus.sha256",
            "value" : "c58718351421e6f6257d0caf9166a093579b22441880f06ee334c0008c379786"
          }, {
            "key" : "omnibus.iteration",
            "value" : "1"
          }, {
            "key" : "delivery.sha"
          }, {
            "key" : "omnibus.sha512",
            "value" : "28cd9edb49875f456a5e9b36794c6582c41592ebfc886246b29ab16291a73f0c4ff99345b63e0e269e73888c66175968dfe015bf4043440dab1b19da41161161"
          }, {
            "key" : "build.name",
            "value" : "chef"
          }, {
            "key" : "omnibus.license",
            "value" : "Apache-2.0"
          }, {
            "key" : "omnibus.md5",
            "value" : "380ac3fa8bf551a07e32ad1759cdc8bb"
          }, {
            "key" : "omnibus.project",
            "value" : "chef"
          }, {
            "key" : "build.number",
            "value" : "12.13.37"
          }, {
            "key" : "omnibus.architecture",
            "value" : "i386"
          } ]
        },{
          "repo" : "omnibus-stable-local",
          "path" : "com/getchef/chef/12.13.37/windows/2008r2",
          "name" : "chef-client-12.13.37-1-x86.msi",
          "properties" : [ {
            "key" : "omnibus.iteration",
            "value" : "1"
          }, {
            "key" : "build.number",
            "value" : "12.13.37"
          }, {
            "key" : "omnibus.platform",
            "value" : "windows"
          }, {
            "key" : "omnibus.version",
            "value" : "12.13.37"
          }, {
            "key" : "omnibus.platform_version",
            "value" : "2008r2"
          }, {
            "key" : "build.name",
            "value" : "chef"
          }, {
            "key" : "omnibus.license",
            "value" : "Apache-2.0"
          }, {
            "key" : "omnibus.sha1",
            "value" : "95c35238f27ac48b22227f764fefce7e7eb6e85b"
          }, {
            "key" : "omnibus.sha512",
            "value" : "6a9de202f8c805d81c86f634c4b6c1d016c4d4e7de38a4e3fb64fa06c27489e673a430a85f24d6bd2ae03133a55470079cf619888b5b814f9bff5dade74e8f31"
          }, {
            "key" : "omnibus.project",
            "value" : "chef"
          }, {
            "key" : "delivery.sha"
          }, {
            "key" : "omnibus.architecture",
            "value" : "i386"
          }, {
            "key" : "delivery.change"
          }, {
            "key" : "omnibus.md5",
            "value" : "ef689e900100f7191f6b735ce8d635e2"
          }, {
            "key" : "omnibus.sha256",
            "value" : "a4334abdb6673fad3048357a0d1cf05568e6455834ab8429181d6cb57208ed54"
          } ]
        },{
          "repo" : "omnibus-stable-local",
          "path" : "com/getchef/chef/12.13.37/el/7",
          "name" : "chef-12.13.37-1.el7.x86_64.rpm",
          "properties" : [ {
            "key" : "omnibus.platform_version",
            "value" : "7"
          }, {
            "key" : "delivery.change"
          }, {
            "key" : "omnibus.md5",
            "value" : "871cc9a5a747af19159d4d87fd97a7a4"
          }, {
            "key" : "omnibus.iteration",
            "value" : "1"
          }, {
            "key" : "omnibus.platform",
            "value" : "el"
          }, {
            "key" : "omnibus.sha512",
            "value" : "0171436e65175c527e9c1546ad4ce5f67dc7ac2c26b02a751267922bc487f97ce9ee97c009a066dc3cbdbf5f3b9672fa02f0e9a7b5c35d43a25734d96e999901"
          }, {
            "key" : "omnibus.architecture",
            "value" : "x86_64"
          }, {
            "key" : "delivery.sha"
          }, {
            "key" : "build.name",
            "value" : "chef"
          }, {
            "key" : "omnibus.license",
            "value" : "Apache-2.0"
          }, {
            "key" : "omnibus.version",
            "value" : "12.13.37"
          }, {
            "key" : "omnibus.project",
            "value" : "chef"
          }, {
            "key" : "omnibus.sha256",
            "value" : "99beef40d6574e5a1e37e166b812dc80399c77cd42f239d79f4103591dcc4898"
          }, {
            "key" : "omnibus.sha1",
            "value" : "f0b97dcd5286424e9fa55c06a4a00af46dec4e5a"
          }, {
            "key" : "build.number",
            "value" : "12.13.37"
          } ]
        },{
          "repo" : "omnibus-stable-local",
          "path" : "com/getchef/chef/12.13.37/solaris2/5.11",
          "name" : "chef-12.13.37-1.sparc.solaris",
          "properties" : [ {
            "key" : "omnibus.md5",
            "value" : "8e6addc8db31d3ff38f04787315d85f5"
          }, {
            "key" : "omnibus.project",
            "value" : "chef"
          }, {
            "key" : "delivery.change"
          }, {
            "key" : "omnibus.platform_version",
            "value" : "5.11"
          }, {
            "key" : "build.number",
            "value" : "12.13.37"
          }, {
            "key" : "omnibus.architecture",
            "value" : "sparc"
          }, {
            "key" : "omnibus.license",
            "value" : "Apache-2.0"
          }, {
            "key" : "delivery.sha"
          }, {
            "key" : "omnibus.sha1",
            "value" : "44c1ca9500f4e12435756a79c14dec72346039d2"
          }, {
            "key" : "omnibus.sha256",
            "value" : "ffc83875e04b5ecd46b8fc63a2a4e62a4ad07cd81fa42717c1160c7b13a71573"
          }, {
            "key" : "omnibus.version",
            "value" : "12.13.37"
          }, {
            "key" : "build.name",
            "value" : "chef"
          }, {
            "key" : "omnibus.platform",
            "value" : "solaris2"
          }, {
            "key" : "omnibus.iteration",
            "value" : "1"
          }, {
            "key" : "omnibus.sha512",
            "value" : "14330344a958347d1f131d71b575cc8d2c7f332ef77f93a4c5d25fcced23ccf160d84cc05e697bbfa8647c290f937299f34724db6d591cba5a087d48d4a956a7"
          } ]
        },{
          "repo" : "omnibus-stable-local",
          "path" : "com/getchef/chef/12.13.37/solaris2/5.11",
          "name" : "chef-12.13.37-1.i386.solaris",
          "properties" : [ {
            "key" : "omnibus.platform_version",
            "value" : "5.11"
          }, {
            "key" : "build.number",
            "value" : "12.13.37"
          }, {
            "key" : "omnibus.sha256",
            "value" : "f1eee85e735ff6ab2a39adc0ef1917f0e0f6a5dfccdafd774fb1c33d21712e79"
          }, {
            "key" : "omnibus.sha1",
            "value" : "63ec97a0371c21d7e14e0925572fcc2e6e6b5939"
          }, {
            "key" : "omnibus.version",
            "value" : "12.13.37"
          }, {
            "key" : "delivery.change"
          }, {
            "key" : "omnibus.md5",
            "value" : "a4798fadd4a61de05a7f6df25038e521"
          }, {
            "key" : "delivery.sha"
          }, {
            "key" : "omnibus.architecture",
            "value" : "i386"
          }, {
            "key" : "omnibus.sha512",
            "value" : "b5445277d9deeb000239537c4171cdf412c3c4b3f4e49e6ffa78179fc32d9ff0b7b6c9b3e968aef336844b7bebb57a08ec350a4a07dc58ebec3e28a4dfb77900"
          }, {
            "key" : "omnibus.iteration",
            "value" : "1"
          }, {
            "key" : "omnibus.project",
            "value" : "chef"
          }, {
            "key" : "build.name",
            "value" : "chef"
          }, {
            "key" : "omnibus.license",
            "value" : "Apache-2.0"
          }, {
            "key" : "omnibus.platform",
            "value" : "solaris2"
          } ]
        },{
          "repo" : "omnibus-stable-local",
          "path" : "com/getchef/chef/12.13.37/debian/8",
          "name" : "chef_12.13.37-1_i386.deb",
          "properties" : [ {
            "key" : "omnibus.md5",
            "value" : "20e8d22277d72f1d6f0e779582b87dd8"
          }, {
            "key" : "omnibus.project",
            "value" : "chef"
          }, {
            "key" : "omnibus.sha256",
            "value" : "ac306b15623887f44d30747ef6a077cf81c7c8f53b0d7acd8b3f5c587ac72c98"
          }, {
            "key" : "omnibus.sha512",
            "value" : "0efbb2fc0f8860cdadcea3c737bca0ef77a434c7d9c902bbd2aed1b0bfd359ab5cddccb0cc5e8b97098a5bf4ba0d568cb6e381070da925c856cab080b3b17097"
          }, {
            "key" : "omnibus.platform",
            "value" : "debian"
          }, {
            "key" : "build.number",
            "value" : "12.13.37"
          }, {
            "key" : "delivery.change"
          }, {
            "key" : "omnibus.version",
            "value" : "12.13.37"
          }, {
            "key" : "omnibus.architecture",
            "value" : "i686"
          }, {
            "key" : "delivery.sha"
          }, {
            "key" : "omnibus.platform_version",
            "value" : "8"
          }, {
            "key" : "omnibus.sha1",
            "value" : "88fa2ecfde748f6a0844e65d94307572545641b6"
          }, {
            "key" : "omnibus.license",
            "value" : "Apache-2.0"
          }, {
            "key" : "build.name",
            "value" : "chef"
          }, {
            "key" : "omnibus.iteration",
            "value" : "1"
          } ]
        },{
          "repo" : "omnibus-stable-local",
          "path" : "com/getchef/chef/12.13.37/el/7",
          "name" : "chef-12.13.37-1.el7.ppc64le.rpm",
          "properties" : [ {
            "key" : "omnibus.sha256",
            "value" : "7ea6062d3c17a253b1b5657b50e683b3f1fc0c84af3267c68cc49f3fb74b21ff"
          }, {
            "key" : "build.name",
            "value" : "chef"
          }, {
            "key" : "omnibus.platform",
            "value" : "el"
          }, {
            "key" : "omnibus.project",
            "value" : "chef"
          }, {
            "key" : "omnibus.license",
            "value" : "Apache-2.0"
          }, {
            "key" : "build.number",
            "value" : "12.13.37"
          }, {
            "key" : "delivery.change"
          }, {
            "key" : "omnibus.iteration",
            "value" : "1"
          }, {
            "key" : "omnibus.platform_version",
            "value" : "7"
          }, {
            "key" : "omnibus.sha1",
            "value" : "5407eb11ac8d0b9400753ee1f44c32bcce433646"
          }, {
            "key" : "omnibus.md5",
            "value" : "f0d948aa22dd9751c03430fbb5d3aa5b"
          }, {
            "key" : "delivery.sha"
          }, {
            "key" : "omnibus.architecture",
            "value" : "ppc64le"
          }, {
            "key" : "omnibus.sha512",
            "value" : "5fdb37e4e621219325a4102bea0896d219acbb5f9e8cd75c6cecb7a84bbc3ab1f937f4de13fb7aee7e287f0eb503112c3cef84a24a23c6d40f20c740ed76e5a6"
          }, {
            "key" : "omnibus.version",
            "value" : "12.13.37"
          } ]
        } ],
        "range" : {
          "start_pos" : 0,
          "end_pos" : 39,
          "total" : 39
        }
        }
    http_version: 
  recorded_at: Thu, 01 Sep 2016 19:41:10 GMT
- request:
    method: get
    uri: https://packages.chef.io/api/v1/stable/chef/12.12.15/artifacts
    body:
      encoding: US-ASCII
      string: ''
    headers:
      Accept-Encoding:
      - gzip;q=1.0,deflate;q=0.6,identity;q=0.3
      Accept:
      - "*/*"
      User-Agent:
      - Ruby
  response:
    status:
      code: 200
      message: OK
    headers:
      Content-Type:
      - application/json
      Server:
      - nginx
      X-Artifactory-Id:
      - c1ec6ca2696a3944:3eed5ced:156c20cd259:-7f6b
      Via:
      - 1.1 varnish
      - 1.1 varnish
      Fastly-Debug-Digest:
      - 882ed722402240c545208438fb4699eba265430553b68209b0e6038b735f3619
      Content-Length:
      - '48850'
      Accept-Ranges:
      - bytes
      Date:
      - Thu, 01 Sep 2016 19:56:45 GMT
      Age:
      - '39'
      Connection:
      - keep-alive
      X-Served-By:
      - cache-sjc3122-SJC, cache-den6024-DEN
      X-Cache:
      - MISS, HIT
      X-Cache-Hits:
      - 0, 2
      X-Timer:
      - S1472759805.690013,VS0,VE0
    body:
      encoding: UTF-8
      string: |2

        {
        "results" : [ {
          "repo" : "omnibus-stable-local",
          "path" : "com/getchef/chef/12.12.15/debian/6",
          "name" : "chef_12.12.15-1_amd64.deb",
          "properties" : [ {
            "key" : "build.name",
            "value" : "chef"
          }, {
            "key" : "omnibus.sha512",
            "value" : "c0fa8927f5d9ee0add34900dfedf049f416a52c02b8707160172ea4aa9d8e136d9e3b63f47cad4bbdda79ab478b545b908e0004eb4e6f928b06fa4d7ae5fe4a0"
          }, {
            "key" : "build.number",
            "value" : "12.12.15"
          }, {
            "key" : "omnibus.sha1",
            "value" : "4efadc429f4958f6fbb28740ec3ecf9d95a0ec6f"
          }, {
            "key" : "omnibus.license",
            "value" : "Apache-2.0"
          }, {
            "key" : "omnibus.sha256",
            "value" : "aac21d07740f65486f35a23da9a28e0dc003f42f62050108a9a3857fd58dd401"
          }, {
            "key" : "omnibus.architecture",
            "value" : "x86_64"
          }, {
            "key" : "delivery.sha"
          }, {
            "key" : "delivery.change"
          }, {
            "key" : "omnibus.platform_version",
            "value" : "6"
          }, {
            "key" : "omnibus.platform",
            "value" : "debian"
          }, {
            "key" : "omnibus.iteration",
            "value" : "1"
          }, {
            "key" : "omnibus.version",
            "value" : "12.12.15"
          }, {
            "key" : "omnibus.md5",
            "value" : "50c9cfffb2c39beda9f29d95197de600"
          }, {
            "key" : "omnibus.project",
            "value" : "chef"
          } ]
        },{
          "repo" : "omnibus-stable-local",
          "path" : "com/getchef/chef/12.12.15/solaris2/5.11",
          "name" : "chef-12.12.15-1.i386.solaris",
          "properties" : [ {
            "key" : "delivery.sha"
          }, {
            "key" : "omnibus.md5",
            "value" : "3ffefc83074e8fed1b5383bab4e4ad9d"
          }, {
            "key" : "build.name",
            "value" : "chef"
          }, {
            "key" : "omnibus.license",
            "value" : "Apache-2.0"
          }, {
            "key" : "omnibus.platform",
            "value" : "solaris2"
          }, {
            "key" : "omnibus.sha256",
            "value" : "d8d21b2a6cb4eab232bd37c2d022a098fdbe1ad5b847d49fa212754ded024f60"
          }, {
            "key" : "omnibus.project",
            "value" : "chef"
          }, {
            "key" : "omnibus.sha512",
            "value" : "a5f1ff8377911ca003488fc8baecd2996c16f72566c07e414776e1bc42780190db4bc48044efb24a2b4f82b2e7e7c4e2d24cf8572c1048e203d32154d4c296b5"
          }, {
            "key" : "omnibus.architecture",
            "value" : "i386"
          }, {
            "key" : "omnibus.platform_version",
            "value" : "5.11"
          }, {
            "key" : "delivery.change"
          }, {
            "key" : "omnibus.sha1",
            "value" : "ba7685ae23b895f89ee09a0245a46ac44c7f532c"
          }, {
            "key" : "omnibus.version",
            "value" : "12.12.15"
          }, {
            "key" : "omnibus.iteration",
            "value" : "1"
          }, {
            "key" : "build.number",
            "value" : "12.12.15"
          } ]
        },{
          "repo" : "omnibus-stable-local",
          "path" : "com/getchef/chef/12.12.15/el/5",
          "name" : "chef-12.12.15-1.el5.i386.rpm",
          "properties" : [ {
            "key" : "omnibus.license",
            "value" : "Apache-2.0"
          }, {
            "key" : "delivery.sha"
          }, {
            "key" : "omnibus.sha256",
            "value" : "3f0cc96b8247e26709fd00e684bd41adf746fbf9b4fb3adb8da1777048e153ce"
          }, {
            "key" : "omnibus.sha512",
            "value" : "ea570f5f96d637238fa77203e4dff410bd730a6fe1a8a41a2ee3d41fe97a97c1ee867a1e8c019a018fe49b86bda5c24b8c716240fd213207343e3047e5df7461"
          }, {
            "key" : "omnibus.md5",
            "value" : "62d15f0c22b06927fdc6fd4a46467161"
          }, {
            "key" : "delivery.change"
          }, {
            "key" : "omnibus.sha1",
            "value" : "366530a7d9a3afce2de32133bb67a86673627951"
          }, {
            "key" : "omnibus.project",
            "value" : "chef"
          }, {
            "key" : "omnibus.version",
            "value" : "12.12.15"
          }, {
            "key" : "omnibus.platform_version",
            "value" : "5"
          }, {
            "key" : "build.name",
            "value" : "chef"
          }, {
            "key" : "omnibus.architecture",
            "value" : "i686"
          }, {
            "key" : "omnibus.iteration",
            "value" : "1"
          }, {
            "key" : "omnibus.platform",
            "value" : "el"
          }, {
            "key" : "build.number",
            "value" : "12.12.15"
          } ]
        },{
          "repo" : "omnibus-stable-local",
          "path" : "com/getchef/chef/12.12.15/debian/6",
          "name" : "chef_12.12.15-1_i386.deb",
          "properties" : [ {
            "key" : "delivery.change"
          }, {
            "key" : "omnibus.iteration",
            "value" : "1"
          }, {
            "key" : "omnibus.sha1",
            "value" : "fd535ee8521f0a6d96d7935f5ef0fdc6ede7381c"
          }, {
            "key" : "omnibus.sha256",
            "value" : "adbe056da8582a22a9037b5c4de51e019e1d96303b705ad9fde2e6b275301a27"
          }, {
            "key" : "omnibus.license",
            "value" : "Apache-2.0"
          }, {
            "key" : "omnibus.platform_version",
            "value" : "6"
          }, {
            "key" : "omnibus.project",
            "value" : "chef"
          }, {
            "key" : "omnibus.version",
            "value" : "12.12.15"
          }, {
            "key" : "build.number",
            "value" : "12.12.15"
          }, {
            "key" : "build.name",
            "value" : "chef"
          }, {
            "key" : "omnibus.md5",
            "value" : "6980237d0fd683117302068354de1acf"
          }, {
            "key" : "delivery.sha"
          }, {
            "key" : "omnibus.platform",
            "value" : "debian"
          }, {
            "key" : "omnibus.sha512",
            "value" : "b5e155259a8a6ee3a7e1a72b5ea4ceac5aef3db5c0163e8ea0dedd98b834cad3816658b20346c0d354c1d7cbb91e9b48aaae8bdf4a99f725193a20d42667c69f"
          }, {
            "key" : "omnibus.architecture",
            "value" : "i686"
          } ]
        },{
          "repo" : "omnibus-stable-local",
          "path" : "com/getchef/chef/12.12.15/mac_os_x/10.10",
          "name" : "chef-12.12.15-1.dmg",
          "properties" : [ {
            "key" : "omnibus.license",
            "value" : "Apache-2.0"
          }, {
            "key" : "delivery.sha"
          }, {
            "key" : "omnibus.sha256",
            "value" : "b535d834f31839784af89ea061bddcbfb82f78b450b7ea22f5f627a043fe5ca1"
          }, {
            "key" : "omnibus.platform",
            "value" : "mac_os_x"
          }, {
            "key" : "omnibus.platform_version",
            "value" : "10.10"
          }, {
            "key" : "delivery.change"
          }, {
            "key" : "omnibus.md5",
            "value" : "89f054a0ae035c10f05ebbd0059db16f"
          }, {
            "key" : "omnibus.architecture",
            "value" : "x86_64"
          }, {
            "key" : "omnibus.project",
            "value" : "chef"
          }, {
            "key" : "omnibus.version",
            "value" : "12.12.15"
          }, {
            "key" : "omnibus.sha1",
            "value" : "3cc8af48f289b8692178091dec86ee040772aa4f"
          }, {
            "key" : "build.name",
            "value" : "chef"
          }, {
            "key" : "omnibus.iteration",
            "value" : "1"
          }, {
            "key" : "build.number",
            "value" : "12.12.15"
          }, {
            "key" : "omnibus.sha512",
            "value" : "d90a77c4a073fd087fb03f53ce79defe62db1d934e0f97dd9b9f1f0e6220a1f1704477f81b536f5fd4bafe530b9085894856148d0fa422d0f9bc17ed23ca315d"
          } ]
        },{
          "repo" : "omnibus-stable-local",
          "path" : "com/getchef/chef/12.12.15/debian/7",
          "name" : "chef_12.12.15-1_amd64.deb",
          "properties" : [ {
            "key" : "build.number",
            "value" : "12.12.15"
          }, {
            "key" : "omnibus.version",
            "value" : "12.12.15"
          }, {
            "key" : "omnibus.project",
            "value" : "chef"
          }, {
            "key" : "delivery.sha"
          }, {
            "key" : "omnibus.sha256",
            "value" : "aac21d07740f65486f35a23da9a28e0dc003f42f62050108a9a3857fd58dd401"
          }, {
            "key" : "omnibus.architecture",
            "value" : "x86_64"
          }, {
            "key" : "omnibus.license",
            "value" : "Apache-2.0"
          }, {
            "key" : "build.name",
            "value" : "chef"
          }, {
            "key" : "omnibus.sha512",
            "value" : "c0fa8927f5d9ee0add34900dfedf049f416a52c02b8707160172ea4aa9d8e136d9e3b63f47cad4bbdda79ab478b545b908e0004eb4e6f928b06fa4d7ae5fe4a0"
          }, {
            "key" : "omnibus.iteration",
            "value" : "1"
          }, {
            "key" : "omnibus.platform_version",
            "value" : "7"
          }, {
            "key" : "omnibus.platform",
            "value" : "debian"
          }, {
            "key" : "omnibus.md5",
            "value" : "50c9cfffb2c39beda9f29d95197de600"
          }, {
            "key" : "delivery.change"
          }, {
            "key" : "omnibus.sha1",
            "value" : "4efadc429f4958f6fbb28740ec3ecf9d95a0ec6f"
          } ]
        },{
          "repo" : "omnibus-stable-local",
          "path" : "com/getchef/chef/12.12.15/debian/8",
          "name" : "chef_12.12.15-1_i386.deb",
          "properties" : [ {
            "key" : "omnibus.sha256",
            "value" : "adbe056da8582a22a9037b5c4de51e019e1d96303b705ad9fde2e6b275301a27"
          }, {
            "key" : "omnibus.license",
            "value" : "Apache-2.0"
          }, {
            "key" : "build.name",
            "value" : "chef"
          }, {
            "key" : "omnibus.sha512",
            "value" : "b5e155259a8a6ee3a7e1a72b5ea4ceac5aef3db5c0163e8ea0dedd98b834cad3816658b20346c0d354c1d7cbb91e9b48aaae8bdf4a99f725193a20d42667c69f"
          }, {
            "key" : "omnibus.architecture",
            "value" : "i686"
          }, {
            "key" : "omnibus.iteration",
            "value" : "1"
          }, {
            "key" : "build.number",
            "value" : "12.12.15"
          }, {
            "key" : "delivery.sha"
          }, {
            "key" : "omnibus.platform",
            "value" : "debian"
          }, {
            "key" : "omnibus.sha1",
            "value" : "fd535ee8521f0a6d96d7935f5ef0fdc6ede7381c"
          }, {
            "key" : "delivery.change"
          }, {
            "key" : "omnibus.md5",
            "value" : "6980237d0fd683117302068354de1acf"
          }, {
            "key" : "omnibus.project",
            "value" : "chef"
          }, {
            "key" : "omnibus.version",
            "value" : "12.12.15"
          }, {
            "key" : "omnibus.platform_version",
            "value" : "8"
          } ]
        },{
          "repo" : "omnibus-stable-local",
          "path" : "com/getchef/chef/12.12.15/ubuntu/14.04",
          "name" : "chef_12.12.15-1_i386.deb",
          "properties" : [ {
            "key" : "omnibus.sha512",
            "value" : "de317e364548527d4a30fac3eec257f40422f52044d0237faade047cc3580e51b010f3bf73e1721450e8b51ad100ea0dc4a1a0f90da4a32e4e58b5c0bea628bf"
          }, {
            "key" : "delivery.sha"
          }, {
            "key" : "omnibus.license",
            "value" : "Apache-2.0"
          }, {
            "key" : "omnibus.iteration",
            "value" : "1"
          }, {
            "key" : "omnibus.sha256",
            "value" : "a97f4450a09e5ceab5e2982f2f47a3a0ef2c9946a65a8ecf05133c9ef09cb018"
          }, {
            "key" : "delivery.change"
          }, {
            "key" : "omnibus.architecture",
            "value" : "i686"
          }, {
            "key" : "omnibus.md5",
            "value" : "c9ebc04d4045f988ead4edf872bc35d9"
          }, {
            "key" : "omnibus.version",
            "value" : "12.12.15"
          }, {
            "key" : "omnibus.platform_version",
            "value" : "14.04"
          }, {
            "key" : "build.number",
            "value" : "12.12.15"
          }, {
            "key" : "omnibus.platform",
            "value" : "ubuntu"
          }, {
            "key" : "build.name",
            "value" : "chef"
          }, {
            "key" : "omnibus.sha1",
            "value" : "9a6f0d1cc017cd1cfe837b9f393d5ad132f20611"
          }, {
            "key" : "omnibus.project",
            "value" : "chef"
          } ]
        },{
          "repo" : "omnibus-stable-local",
          "path" : "com/getchef/chef/12.12.15/mac_os_x/10.11",
          "name" : "chef-12.12.15-1.dmg",
          "properties" : [ {
            "key" : "omnibus.iteration",
            "value" : "1"
          }, {
            "key" : "omnibus.platform_version",
            "value" : "10.11"
          }, {
            "key" : "omnibus.md5",
            "value" : "89f054a0ae035c10f05ebbd0059db16f"
          }, {
            "key" : "delivery.sha"
          }, {
            "key" : "delivery.change"
          }, {
            "key" : "omnibus.platform",
            "value" : "mac_os_x"
          }, {
            "key" : "build.number",
            "value" : "12.12.15"
          }, {
            "key" : "omnibus.project",
            "value" : "chef"
          }, {
            "key" : "omnibus.sha1",
            "value" : "3cc8af48f289b8692178091dec86ee040772aa4f"
          }, {
            "key" : "omnibus.architecture",
            "value" : "x86_64"
          }, {
            "key" : "omnibus.sha256",
            "value" : "b535d834f31839784af89ea061bddcbfb82f78b450b7ea22f5f627a043fe5ca1"
          }, {
            "key" : "omnibus.sha512",
            "value" : "d90a77c4a073fd087fb03f53ce79defe62db1d934e0f97dd9b9f1f0e6220a1f1704477f81b536f5fd4bafe530b9085894856148d0fa422d0f9bc17ed23ca315d"
          }, {
            "key" : "build.name",
            "value" : "chef"
          }, {
            "key" : "omnibus.version",
            "value" : "12.12.15"
          }, {
            "key" : "omnibus.license",
            "value" : "Apache-2.0"
          } ]
        },{
          "repo" : "omnibus-stable-local",
          "path" : "com/getchef/chef/12.12.15/windows/2012",
          "name" : "chef-client-12.12.15-1-x86.msi",
          "properties" : [ {
            "key" : "omnibus.iteration",
            "value" : "1"
          }, {
            "key" : "omnibus.platform",
            "value" : "windows"
          }, {
            "key" : "omnibus.platform_version",
            "value" : "2012"
          }, {
            "key" : "omnibus.sha512",
            "value" : "926266ca4c82fc6edd4e7aff3b084e016a5fe659c4b201ed5e41b69d2be5d658a13bb01d20f6b91d75d9c49265f142dbd65c2b6ecef7a46c888eb9bae12f3d44"
          }, {
            "key" : "delivery.change"
          }, {
            "key" : "omnibus.license",
            "value" : "Apache-2.0"
          }, {
            "key" : "omnibus.architecture",
            "value" : "i386"
          }, {
            "key" : "omnibus.sha1",
            "value" : "906ac739d4ce02665776d13fcb05c959f0fb894e"
          }, {
            "key" : "omnibus.project",
            "value" : "chef"
          }, {
            "key" : "build.number",
            "value" : "12.12.15"
          }, {
            "key" : "omnibus.sha256",
            "value" : "641a812b743d21555e5ac7a096c85381522627b351dbabf4531b613910c3abbb"
          }, {
            "key" : "build.name",
            "value" : "chef"
          }, {
            "key" : "omnibus.version",
            "value" : "12.12.15"
          }, {
            "key" : "omnibus.md5",
            "value" : "f5cd676ea1486d3dbccaf4495c0b4948"
          }, {
            "key" : "delivery.sha"
          } ]
        },{
          "repo" : "omnibus-stable-local",
          "path" : "com/getchef/chef/12.12.15/ubuntu/12.04",
          "name" : "chef_12.12.15-1_amd64.deb",
          "properties" : [ {
            "key" : "omnibus.architecture",
            "value" : "x86_64"
          }, {
            "key" : "delivery.change"
          }, {
            "key" : "omnibus.md5",
            "value" : "c8ca4af8fed45ce8ef6f204574c2eb92"
          }, {
            "key" : "omnibus.platform_version",
            "value" : "12.04"
          }, {
            "key" : "omnibus.platform",
            "value" : "ubuntu"
          }, {
            "key" : "omnibus.iteration",
            "value" : "1"
          }, {
            "key" : "omnibus.project",
            "value" : "chef"
          }, {
            "key" : "omnibus.sha512",
            "value" : "b15c62d90c2ba872974b7daecd90ab2065ba1a77ba964bc25879add4b9ac91a38679c61a8d955df2e7ffee691cf919a141cbea216988540ae5084d2c33986822"
          }, {
            "key" : "omnibus.version",
            "value" : "12.12.15"
          }, {
            "key" : "delivery.sha"
          }, {
            "key" : "omnibus.sha256",
            "value" : "d64a029bc5402e2c2e2e1ad479e8b49b3dc7599a9d50ea3cefe4149b070582be"
          }, {
            "key" : "omnibus.license",
            "value" : "Apache-2.0"
          }, {
            "key" : "build.name",
            "value" : "chef"
          }, {
            "key" : "build.number",
            "value" : "12.12.15"
          }, {
            "key" : "omnibus.sha1",
            "value" : "6a92025699634228efb118bc2ac2cc556992b140"
          } ]
        },{
          "repo" : "omnibus-stable-local",
          "path" : "com/getchef/chef/12.12.15/el/5",
          "name" : "chef-12.12.15-1.el5.x86_64.rpm",
          "properties" : [ {
            "key" : "build.number",
            "value" : "12.12.15"
          }, {
            "key" : "omnibus.sha512",
            "value" : "c8b0da28ffb671baddb11d14a02f589fe9876c649bdd5ce4afb99aef983a8d7e4aabf1721fe6e4afd1afa4aa5e9dbcb3b8061c1e007305274a80824f74633be2"
          }, {
            "key" : "build.name",
            "value" : "chef"
          }, {
            "key" : "omnibus.platform",
            "value" : "el"
          }, {
            "key" : "delivery.sha"
          }, {
            "key" : "omnibus.architecture",
            "value" : "x86_64"
          }, {
            "key" : "omnibus.sha1",
            "value" : "86a019273eea6369bc62414566cb8d4603c4b188"
          }, {
            "key" : "delivery.change"
          }, {
            "key" : "omnibus.sha256",
            "value" : "eb97c91b44a3f71ff9bf7aad56948c6e38c3f52b177695d1b0488eeeb20ee86c"
          }, {
            "key" : "omnibus.iteration",
            "value" : "1"
          }, {
            "key" : "omnibus.md5",
            "value" : "1fbda4a169233eaace7a96832cad4faa"
          }, {
            "key" : "omnibus.license",
            "value" : "Apache-2.0"
          }, {
            "key" : "omnibus.platform_version",
            "value" : "5"
          }, {
            "key" : "omnibus.version",
            "value" : "12.12.15"
          }, {
            "key" : "omnibus.project",
            "value" : "chef"
          } ]
        },{
          "repo" : "omnibus-stable-local",
          "path" : "com/getchef/chef/12.12.15/ubuntu/14.04",
          "name" : "chef_12.12.15-1_ppc64el.deb",
          "properties" : [ {
            "key" : "delivery.sha"
          }, {
            "key" : "omnibus.architecture",
            "value" : "ppc64le"
          }, {
            "key" : "build.name",
            "value" : "chef"
          }, {
            "key" : "omnibus.sha512",
            "value" : "b8328b12e3da7bb3d523b3e7803032ad3bb388176f46c8199ebd6d45967fddf99b8536f8407a47c87c34bae04de2d152a81013d47aa54cc8d2ffe635f7605f2d"
          }, {
            "key" : "build.number",
            "value" : "12.12.15"
          }, {
            "key" : "omnibus.md5",
            "value" : "eac46bb9580371715fbd3c0ffd0d76cf"
          }, {
            "key" : "omnibus.sha1",
            "value" : "f46f32816451aa249b28df91cbdaaf9a81b9789c"
          }, {
            "key" : "delivery.change"
          }, {
            "key" : "omnibus.platform_version",
            "value" : "14.04"
          }, {
            "key" : "omnibus.platform",
            "value" : "ubuntu"
          }, {
            "key" : "omnibus.iteration",
            "value" : "1"
          }, {
            "key" : "omnibus.project",
            "value" : "chef"
          }, {
            "key" : "omnibus.license",
            "value" : "Apache-2.0"
          }, {
            "key" : "omnibus.sha256",
            "value" : "dfcb7a923928e12e92b478a09e708ea6d1bc676e674a78eabaffe9b72afa92bd"
          }, {
            "key" : "omnibus.version",
            "value" : "12.12.15"
          } ]
        },{
          "repo" : "omnibus-stable-local",
          "path" : "com/getchef/chef/12.12.15/freebsd/10",
          "name" : "chef-12.12.15_1.amd64.sh",
          "properties" : [ {
            "key" : "build.number",
            "value" : "12.12.15"
          }, {
            "key" : "build.name",
            "value" : "chef"
          }, {
            "key" : "omnibus.sha1",
            "value" : "c1779c966b9b4fdd99379c68737db1b9beb9654f"
          }, {
            "key" : "omnibus.platform_version",
            "value" : "10"
          }, {
            "key" : "omnibus.sha256",
            "value" : "82b388f2ed895a2e5392dd4ce00ad9828362e8946f63105c8c8ad039af9fc49e"
          }, {
            "key" : "delivery.sha"
          }, {
            "key" : "omnibus.sha512",
            "value" : "53f5027085014a2ebbe273425e0cd19125958679dbf7e98501126da85dc056ee75ee24ea034cf2b57b2d82c523c1e8442bcf8a68e2c84ab69af1acb67bb84649"
          }, {
            "key" : "omnibus.platform",
            "value" : "freebsd"
          }, {
            "key" : "omnibus.iteration",
            "value" : "1"
          }, {
            "key" : "delivery.change"
          }, {
            "key" : "omnibus.license",
            "value" : "Apache-2.0"
          }, {
            "key" : "omnibus.md5",
            "value" : "7438ca0748ff6ab9aa2777b5b569de93"
          }, {
            "key" : "omnibus.version",
            "value" : "12.12.15"
          }, {
            "key" : "omnibus.architecture",
            "value" : "amd64"
          }, {
            "key" : "omnibus.project",
            "value" : "chef"
          } ]
        },{
          "repo" : "omnibus-stable-local",
          "path" : "com/getchef/chef/12.12.15/el/7",
          "name" : "chef-12.12.15-1.el7.ppc64.rpm",
          "properties" : [ {
            "key" : "delivery.sha"
          }, {
            "key" : "omnibus.architecture",
            "value" : "ppc64"
          }, {
            "key" : "omnibus.sha256",
            "value" : "ac4702bcaf5b0ab60d2d95f8de043617e71dd77129ac18503acc715f1237efc3"
          }, {
            "key" : "omnibus.md5",
            "value" : "bf87a5078afd3342dd0ed2a833cf7190"
          }, {
            "key" : "delivery.change"
          }, {
            "key" : "omnibus.sha512",
            "value" : "a1f92649d44d1c5a1af5a568a243759ad945bf5c62e19a7a34a4d700f11e3db082e0b117a20efba88e2f6c6597524c5bb860a4faa3592e0771dc6a545d9dc751"
          }, {
            "key" : "build.number",
            "value" : "12.12.15"
          }, {
            "key" : "omnibus.iteration",
            "value" : "1"
          }, {
            "key" : "omnibus.platform",
            "value" : "el"
          }, {
            "key" : "build.name",
            "value" : "chef"
          }, {
            "key" : "omnibus.project",
            "value" : "chef"
          }, {
            "key" : "omnibus.platform_version",
            "value" : "7"
          }, {
            "key" : "omnibus.version",
            "value" : "12.12.15"
          }, {
            "key" : "omnibus.license",
            "value" : "Apache-2.0"
          }, {
            "key" : "omnibus.sha1",
            "value" : "0d5142dde5b27cb454baa91c52cf33640561880d"
          } ]
        },{
          "repo" : "omnibus-stable-local",
          "path" : "com/getchef/chef/12.12.15/windows/2008r2",
          "name" : "chef-client-12.12.15-1-x64.msi",
          "properties" : [ {
            "key" : "omnibus.platform",
            "value" : "windows"
          }, {
            "key" : "omnibus.iteration",
            "value" : "1"
          }, {
            "key" : "omnibus.md5",
            "value" : "eddc81c07a6ce69d6cab37ba343ce892"
          }, {
            "key" : "delivery.sha"
          }, {
            "key" : "omnibus.sha512",
            "value" : "b58d65d0876bc17c22ab1c79a2544fb392fd0703798ad4afb8f7d39f62ea801a90a22e8cc71d3e636e348b03b8477d6c3021e8fd996dcabc26d860158552337c"
          }, {
            "key" : "build.name",
            "value" : "chef"
          }, {
            "key" : "omnibus.sha1",
            "value" : "9da3b90ff22d7985a0a5c301a71d1f91ce272fbb"
          }, {
            "key" : "omnibus.sha256",
            "value" : "1566ceb106ccb4c5e7bd7135cdc289838fb36219cf6a343652f0118c29aab6df"
          }, {
            "key" : "omnibus.license",
            "value" : "Apache-2.0"
          }, {
            "key" : "omnibus.platform_version",
            "value" : "2008r2"
          }, {
            "key" : "omnibus.version",
            "value" : "12.12.15"
          }, {
            "key" : "omnibus.project",
            "value" : "chef"
          }, {
            "key" : "omnibus.architecture",
            "value" : "x86_64"
          }, {
            "key" : "build.number",
            "value" : "12.12.15"
          }, {
            "key" : "delivery.change"
          } ]
        },{
          "repo" : "omnibus-stable-local",
          "path" : "com/getchef/chef/12.12.15/freebsd/9",
          "name" : "chef-12.12.15_1.amd64.sh",
          "properties" : [ {
            "key" : "delivery.sha"
          }, {
            "key" : "omnibus.architecture",
            "value" : "amd64"
          }, {
            "key" : "build.name",
            "value" : "chef"
          }, {
            "key" : "omnibus.sha256",
            "value" : "76caa988ad6697c455a30c3f5cc20d159e8689b597f5ec2343b3e5cb7aa18c78"
          }, {
            "key" : "omnibus.license",
            "value" : "Apache-2.0"
          }, {
            "key" : "omnibus.platform_version",
            "value" : "9"
          }, {
            "key" : "omnibus.project",
            "value" : "chef"
          }, {
            "key" : "omnibus.md5",
            "value" : "24b3c376e83f125f1943dd122252b010"
          }, {
            "key" : "omnibus.sha1",
            "value" : "4ed5d5922bbd31a09a5cb0e2bf7f2d982a9896c5"
          }, {
            "key" : "omnibus.sha512",
            "value" : "aa8cc39ab2e67fd44c319277726049ce3ab7faf4ef61877165346670cbc1a434a6590dd96fdcb2c3ac90c3648fe8783ca24293cece83f85d7302006289ac328e"
          }, {
            "key" : "omnibus.version",
            "value" : "12.12.15"
          }, {
            "key" : "delivery.change"
          }, {
            "key" : "omnibus.platform",
            "value" : "freebsd"
          }, {
            "key" : "build.number",
            "value" : "12.12.15"
          }, {
            "key" : "omnibus.iteration",
            "value" : "1"
          } ]
        },{
          "repo" : "omnibus-stable-local",
          "path" : "com/getchef/chef/12.12.15/windows/2012r2",
          "name" : "chef-client-12.12.15-1-x64.msi",
          "properties" : [ {
            "key" : "omnibus.iteration",
            "value" : "1"
          }, {
            "key" : "omnibus.platform",
            "value" : "windows"
          }, {
            "key" : "omnibus.md5",
            "value" : "eddc81c07a6ce69d6cab37ba343ce892"
          }, {
            "key" : "delivery.change"
          }, {
            "key" : "omnibus.sha512",
            "value" : "b58d65d0876bc17c22ab1c79a2544fb392fd0703798ad4afb8f7d39f62ea801a90a22e8cc71d3e636e348b03b8477d6c3021e8fd996dcabc26d860158552337c"
          }, {
            "key" : "omnibus.platform_version",
            "value" : "2012r2"
          }, {
            "key" : "omnibus.sha256",
            "value" : "1566ceb106ccb4c5e7bd7135cdc289838fb36219cf6a343652f0118c29aab6df"
          }, {
            "key" : "omnibus.sha1",
            "value" : "9da3b90ff22d7985a0a5c301a71d1f91ce272fbb"
          }, {
            "key" : "omnibus.license",
            "value" : "Apache-2.0"
          }, {
            "key" : "omnibus.version",
            "value" : "12.12.15"
          }, {
            "key" : "omnibus.project",
            "value" : "chef"
          }, {
            "key" : "build.name",
            "value" : "chef"
          }, {
            "key" : "omnibus.architecture",
            "value" : "x86_64"
          }, {
            "key" : "build.number",
            "value" : "12.12.15"
          }, {
            "key" : "delivery.sha"
          } ]
        },{
          "repo" : "omnibus-stable-local",
          "path" : "com/getchef/chef/12.12.15/freebsd/9",
          "name" : "chef-12.12.15_1.i386.sh",
          "properties" : [ {
            "key" : "omnibus.platform_version",
            "value" : "9"
          }, {
            "key" : "omnibus.platform",
            "value" : "freebsd"
          }, {
            "key" : "omnibus.sha256",
            "value" : "9a041697cdc28de2489fffe4a7ab985ea871ae0b76424a5250fea484932f8156"
          }, {
            "key" : "omnibus.project",
            "value" : "chef"
          }, {
            "key" : "build.number",
            "value" : "12.12.15"
          }, {
            "key" : "omnibus.version",
            "value" : "12.12.15"
          }, {
            "key" : "omnibus.license",
            "value" : "Apache-2.0"
          }, {
            "key" : "omnibus.sha512",
            "value" : "515b7178f7dae29da4f70d23effb8adbb75061bffe3fb987fd6d968b5d098e0f957fa6f36e32e8a1bb665d5a426316f4abb2b126dad1cc8d56749c2d79642f35"
          }, {
            "key" : "omnibus.md5",
            "value" : "f5e39a3a3cc8099b3ccae05398d4f649"
          }, {
            "key" : "build.name",
            "value" : "chef"
          }, {
            "key" : "omnibus.iteration",
            "value" : "1"
          }, {
            "key" : "delivery.sha"
          }, {
            "key" : "omnibus.sha1",
            "value" : "173d8ec330021c8b82ea217146705fb243cd3a87"
          }, {
            "key" : "omnibus.architecture",
            "value" : "i386"
          }, {
            "key" : "delivery.change"
          } ]
        },{
          "repo" : "omnibus-stable-local",
          "path" : "com/getchef/chef/12.12.15/ubuntu/14.04",
          "name" : "chef_12.12.15-1_amd64.deb",
          "properties" : [ {
            "key" : "omnibus.platform_version",
            "value" : "14.04"
          }, {
            "key" : "omnibus.sha512",
            "value" : "b15c62d90c2ba872974b7daecd90ab2065ba1a77ba964bc25879add4b9ac91a38679c61a8d955df2e7ffee691cf919a141cbea216988540ae5084d2c33986822"
          }, {
            "key" : "omnibus.architecture",
            "value" : "x86_64"
          }, {
            "key" : "omnibus.project",
            "value" : "chef"
          }, {
            "key" : "omnibus.version",
            "value" : "12.12.15"
          }, {
            "key" : "omnibus.sha1",
            "value" : "6a92025699634228efb118bc2ac2cc556992b140"
          }, {
            "key" : "build.name",
            "value" : "chef"
          }, {
            "key" : "omnibus.iteration",
            "value" : "1"
          }, {
            "key" : "build.number",
            "value" : "12.12.15"
          }, {
            "key" : "omnibus.platform",
            "value" : "ubuntu"
          }, {
            "key" : "omnibus.license",
            "value" : "Apache-2.0"
          }, {
            "key" : "delivery.sha"
          }, {
            "key" : "omnibus.sha256",
            "value" : "d64a029bc5402e2c2e2e1ad479e8b49b3dc7599a9d50ea3cefe4149b070582be"
          }, {
            "key" : "delivery.change"
          }, {
            "key" : "omnibus.md5",
            "value" : "c8ca4af8fed45ce8ef6f204574c2eb92"
          } ]
        },{
          "repo" : "omnibus-stable-local",
          "path" : "com/getchef/chef/12.12.15/ubuntu/12.04",
          "name" : "chef_12.12.15-1_i386.deb",
          "properties" : [ {
            "key" : "delivery.change"
          }, {
            "key" : "omnibus.platform_version",
            "value" : "12.04"
          }, {
            "key" : "omnibus.platform",
            "value" : "ubuntu"
          }, {
            "key" : "omnibus.sha256",
            "value" : "a97f4450a09e5ceab5e2982f2f47a3a0ef2c9946a65a8ecf05133c9ef09cb018"
          }, {
            "key" : "omnibus.iteration",
            "value" : "1"
          }, {
            "key" : "omnibus.project",
            "value" : "chef"
          }, {
            "key" : "omnibus.sha512",
            "value" : "de317e364548527d4a30fac3eec257f40422f52044d0237faade047cc3580e51b010f3bf73e1721450e8b51ad100ea0dc4a1a0f90da4a32e4e58b5c0bea628bf"
          }, {
            "key" : "omnibus.license",
            "value" : "Apache-2.0"
          }, {
            "key" : "omnibus.version",
            "value" : "12.12.15"
          }, {
            "key" : "delivery.sha"
          }, {
            "key" : "omnibus.sha1",
            "value" : "9a6f0d1cc017cd1cfe837b9f393d5ad132f20611"
          }, {
            "key" : "build.name",
            "value" : "chef"
          }, {
            "key" : "build.number",
            "value" : "12.12.15"
          }, {
            "key" : "omnibus.architecture",
            "value" : "i686"
          }, {
            "key" : "omnibus.md5",
            "value" : "c9ebc04d4045f988ead4edf872bc35d9"
          } ]
        },{
          "repo" : "omnibus-stable-local",
          "path" : "com/getchef/chef/12.12.15/aix/6.1",
          "name" : "chef-12.12.15-1.powerpc.bff",
          "properties" : [ {
            "key" : "omnibus.platform_version",
            "value" : "6.1"
          }, {
            "key" : "omnibus.sha256",
            "value" : "fef1d4019e40f1a9f645bbc4cdaa5f43f5aeafc49add74bafb1501238ad88e62"
          }, {
            "key" : "omnibus.project",
            "value" : "chef"
          }, {
            "key" : "omnibus.sha1",
            "value" : "28ab1cc09e73499fb629b46d2b950a4517d5fd61"
          }, {
            "key" : "build.number",
            "value" : "12.12.15"
          }, {
            "key" : "delivery.change"
          }, {
            "key" : "omnibus.license",
            "value" : "Apache-2.0"
          }, {
            "key" : "delivery.sha"
          }, {
            "key" : "omnibus.iteration",
            "value" : "1"
          }, {
            "key" : "omnibus.architecture",
            "value" : "powerpc"
          }, {
            "key" : "omnibus.md5",
            "value" : "525a399c0434f8cbad32868245d060c9"
          }, {
            "key" : "build.name",
            "value" : "chef"
          }, {
            "key" : "omnibus.sha512",
            "value" : "7c7df953050b639678d7ed8fb679cd3fa39d2df2315e8c290032d76c5eb5e6547f58e5cd7e49553cef425b2ab7cd2c108a766721995a6d71f3df56f448a77082"
          }, {
            "key" : "omnibus.platform",
            "value" : "aix"
          }, {
            "key" : "omnibus.version",
            "value" : "12.12.15"
          } ]
        },{
          "repo" : "omnibus-stable-local",
          "path" : "com/getchef/chef/12.12.15/ios_xr/6",
          "name" : "chef-12.12.15-1.ios_xr6.x86_64.rpm",
          "properties" : [ {
            "key" : "omnibus.platform_version",
            "value" : "6"
          }, {
            "key" : "omnibus.sha512",
            "value" : "571d6f7bccb3fa952c5bf44e6540805eaa2e1cc5f76632c38148351c77ae459de94ce8e334ccc41595352d0492929d5b393605b52631bff8bd15e31dff198107"
          }, {
            "key" : "delivery.change"
          }, {
            "key" : "omnibus.sha256",
            "value" : "922d7562379b5b827c1cf5934953eb684fdb51ed1ad5b79dbcd0d1c14fda8c94"
          }, {
            "key" : "omnibus.iteration",
            "value" : "1"
          }, {
            "key" : "omnibus.platform",
            "value" : "ios_xr"
          }, {
            "key" : "build.number",
            "value" : "12.12.15"
          }, {
            "key" : "omnibus.architecture",
            "value" : "x86_64"
          }, {
            "key" : "delivery.sha"
          }, {
            "key" : "omnibus.license",
            "value" : "Apache-2.0"
          }, {
            "key" : "build.name",
            "value" : "chef"
          }, {
            "key" : "omnibus.md5",
            "value" : "153279a70fce8203dc1b67121117d70a"
          }, {
            "key" : "omnibus.project",
            "value" : "chef"
          }, {
            "key" : "omnibus.version",
            "value" : "12.12.15"
          }, {
            "key" : "omnibus.sha1",
            "value" : "b6e9b61dea6f3dc904f047462d70c3fd52f1b39d"
          } ]
        },{
          "repo" : "omnibus-stable-local",
          "path" : "com/getchef/chef/12.12.15/solaris2/5.11",
          "name" : "chef-12.12.15-1.sparc.solaris",
          "properties" : [ {
            "key" : "omnibus.project",
            "value" : "chef"
          }, {
            "key" : "omnibus.platform_version",
            "value" : "5.11"
          }, {
            "key" : "omnibus.sha512",
            "value" : "95d5f2f2622b609eb1f0840fed6fe636813e64cce13bd2c434b011ec6f73a3269e4b4ed975a1d0c64370f9703235505b8f841f3009e1c6728b334e28ba677a7f"
          }, {
            "key" : "build.number",
            "value" : "12.12.15"
          }, {
            "key" : "omnibus.sha256",
            "value" : "27aad22e67220312491bac92063500a8191c624f5d8bae6f700fd2a9a62fc340"
          }, {
            "key" : "delivery.change"
          }, {
            "key" : "omnibus.md5",
            "value" : "f7cfdcb66336900ff38ba19a5cbdfabb"
          }, {
            "key" : "omnibus.iteration",
            "value" : "1"
          }, {
            "key" : "delivery.sha"
          }, {
            "key" : "omnibus.architecture",
            "value" : "sparc"
          }, {
            "key" : "omnibus.sha1",
            "value" : "05fa971998f68cb5c98fc02a16050bdde07c4d0c"
          }, {
            "key" : "build.name",
            "value" : "chef"
          }, {
            "key" : "omnibus.license",
            "value" : "Apache-2.0"
          }, {
            "key" : "omnibus.platform",
            "value" : "solaris2"
          }, {
            "key" : "omnibus.version",
            "value" : "12.12.15"
          } ]
        },{
          "repo" : "omnibus-stable-local",
          "path" : "com/getchef/chef/12.12.15/nexus/7",
          "name" : "chef-12.12.15-1.nexus7.x86_64.rpm",
          "properties" : [ {
            "key" : "delivery.sha"
          }, {
            "key" : "omnibus.sha256",
            "value" : "4ca890af6945e8c191e35caf68743a09570c44edc5a2c719a89cef571aa6b508"
          }, {
            "key" : "omnibus.sha512",
            "value" : "21f379b92c344fb1e8bfd8bba0f6b2e7024808953fae6ec078e1e2308141898f446c2d279e23a001b5ec317e1213522111543fcfa00c01f22448a0d05795f1fd"
          }, {
            "key" : "build.number",
            "value" : "12.12.15"
          }, {
            "key" : "omnibus.sha1",
            "value" : "5090f5090ec5e480c718dcf3722b7ed67d62c2af"
          }, {
            "key" : "omnibus.iteration",
            "value" : "1"
          }, {
            "key" : "build.name",
            "value" : "chef"
          }, {
            "key" : "omnibus.project",
            "value" : "chef"
          }, {
            "key" : "omnibus.platform_version",
            "value" : "7"
          }, {
            "key" : "omnibus.version",
            "value" : "12.12.15"
          }, {
            "key" : "omnibus.license",
            "value" : "Apache-2.0"
          }, {
            "key" : "omnibus.platform",
            "value" : "nexus"
          }, {
            "key" : "omnibus.architecture",
            "value" : "x86_64"
          }, {
            "key" : "delivery.change"
          }, {
            "key" : "omnibus.md5",
            "value" : "16b5c40f6b197a4d55d331bb39183024"
          } ]
        },{
          "repo" : "omnibus-stable-local",
          "path" : "com/getchef/chef/12.12.15/el/6",
          "name" : "chef-12.12.15-1.el6.x86_64.rpm",
          "properties" : [ {
            "key" : "omnibus.iteration",
            "value" : "1"
          }, {
            "key" : "omnibus.sha256",
            "value" : "9c6455bd30568c639e19485837bacbd07972c8e9f5cc3831fba4bc415bed24ad"
          }, {
            "key" : "omnibus.platform_version",
            "value" : "6"
          }, {
            "key" : "build.name",
            "value" : "chef"
          }, {
            "key" : "omnibus.md5",
            "value" : "487de803eadb45ae0bd5939949ccfbe0"
          }, {
            "key" : "omnibus.license",
            "value" : "Apache-2.0"
          }, {
            "key" : "omnibus.sha512",
            "value" : "109662807a166b9e6aeeeb2180e6ec6da1ccc30eb8bec3d0ea19161b81d079c13455cdca4da6e910a75009e82a1db550400a20b622b046dbce2fba9e984c7e4e"
          }, {
            "key" : "omnibus.version",
            "value" : "12.12.15"
          }, {
            "key" : "omnibus.project",
            "value" : "chef"
          }, {
            "key" : "omnibus.platform",
            "value" : "el"
          }, {
            "key" : "omnibus.architecture",
            "value" : "x86_64"
          }, {
            "key" : "build.number",
            "value" : "12.12.15"
          }, {
            "key" : "delivery.change"
          }, {
            "key" : "omnibus.sha1",
            "value" : "67b7e152fc8440ceb2a9f027e3b2edc93d3759db"
          }, {
            "key" : "delivery.sha"
          } ]
        },{
          "repo" : "omnibus-stable-local",
          "path" : "com/getchef/chef/12.12.15/solaris2/5.10",
          "name" : "chef-12.12.15-1.sparc.solaris",
          "properties" : [ {
            "key" : "omnibus.architecture",
            "value" : "sparc"
          }, {
            "key" : "delivery.change"
          }, {
            "key" : "omnibus.iteration",
            "value" : "1"
          }, {
            "key" : "delivery.sha"
          }, {
            "key" : "omnibus.platform",
            "value" : "solaris2"
          }, {
            "key" : "omnibus.sha512",
            "value" : "95d5f2f2622b609eb1f0840fed6fe636813e64cce13bd2c434b011ec6f73a3269e4b4ed975a1d0c64370f9703235505b8f841f3009e1c6728b334e28ba677a7f"
          }, {
            "key" : "build.number",
            "value" : "12.12.15"
          }, {
            "key" : "omnibus.md5",
            "value" : "f7cfdcb66336900ff38ba19a5cbdfabb"
          }, {
            "key" : "omnibus.sha256",
            "value" : "27aad22e67220312491bac92063500a8191c624f5d8bae6f700fd2a9a62fc340"
          }, {
            "key" : "build.name",
            "value" : "chef"
          }, {
            "key" : "omnibus.license",
            "value" : "Apache-2.0"
          }, {
            "key" : "omnibus.version",
            "value" : "12.12.15"
          }, {
            "key" : "omnibus.sha1",
            "value" : "05fa971998f68cb5c98fc02a16050bdde07c4d0c"
          }, {
            "key" : "omnibus.project",
            "value" : "chef"
          }, {
            "key" : "omnibus.platform_version",
            "value" : "5.10"
          } ]
        },{
          "repo" : "omnibus-stable-local",
          "path" : "com/getchef/chef/12.12.15/freebsd/10",
          "name" : "chef-12.12.15_1.i386.sh",
          "properties" : [ {
            "key" : "omnibus.project",
            "value" : "chef"
          }, {
            "key" : "omnibus.sha512",
            "value" : "de6c7033e81c50d0a0d88be8eaeea1120bdae33215e46f9b5b168fd72b65ba0f9ae0925edf681ab8053dfa9ff6d3c4fc8e4a341765b9f5671be4281d1dfa64eb"
          }, {
            "key" : "delivery.change"
          }, {
            "key" : "omnibus.platform",
            "value" : "freebsd"
          }, {
            "key" : "omnibus.md5",
            "value" : "2e6914b581e50a2d31e0d6db3658077e"
          }, {
            "key" : "omnibus.sha256",
            "value" : "c2bf19fe72d183de3767c1f26ed99f88f3c17caaa7fd1b5dc9df6bfdaf248ec3"
          }, {
            "key" : "delivery.sha"
          }, {
            "key" : "omnibus.architecture",
            "value" : "i386"
          }, {
            "key" : "build.number",
            "value" : "12.12.15"
          }, {
            "key" : "omnibus.sha1",
            "value" : "94b44e8280023e740728a7b0c1df752560755f9b"
          }, {
            "key" : "omnibus.iteration",
            "value" : "1"
          }, {
            "key" : "omnibus.version",
            "value" : "12.12.15"
          }, {
            "key" : "build.name",
            "value" : "chef"
          }, {
            "key" : "omnibus.license",
            "value" : "Apache-2.0"
          }, {
            "key" : "omnibus.platform_version",
            "value" : "10"
          } ]
        },{
          "repo" : "omnibus-stable-local",
          "path" : "com/getchef/chef/12.12.15/el/6",
          "name" : "chef-12.12.15-1.el6.i386.rpm",
          "properties" : [ {
            "key" : "omnibus.platform",
            "value" : "el"
          }, {
            "key" : "omnibus.project",
            "value" : "chef"
          }, {
            "key" : "omnibus.version",
            "value" : "12.12.15"
          }, {
            "key" : "delivery.change"
          }, {
            "key" : "omnibus.architecture",
            "value" : "i686"
          }, {
            "key" : "omnibus.iteration",
            "value" : "1"
          }, {
            "key" : "omnibus.sha256",
            "value" : "58523ef85601fe405387ecd1590d1b4beeeb762c38916e1900e67d75969f6d77"
          }, {
            "key" : "omnibus.license",
            "value" : "Apache-2.0"
          }, {
            "key" : "omnibus.platform_version",
            "value" : "6"
          }, {
            "key" : "omnibus.md5",
            "value" : "7d3997938d809338588eb1b0793b1581"
          }, {
            "key" : "delivery.sha"
          }, {
            "key" : "build.name",
            "value" : "chef"
          }, {
            "key" : "omnibus.sha1",
            "value" : "94e7c16ea061c24de20b8cf794ffc5b5757d7b5d"
          }, {
            "key" : "omnibus.sha512",
            "value" : "78464f224e1493cf117452581a8b1e9f3bef4f0fb90bb7e37a933f269daf08560c941811e84fcabca245a2a7f16b747c36bb2d81e629234284388d65d94de42b"
          }, {
            "key" : "build.number",
            "value" : "12.12.15"
          } ]
        },{
          "repo" : "omnibus-stable-local",
          "path" : "com/getchef/chef/12.12.15/mac_os_x/10.9",
          "name" : "chef-12.12.15-1.dmg",
          "properties" : [ {
            "key" : "omnibus.architecture",
            "value" : "x86_64"
          }, {
            "key" : "omnibus.project",
            "value" : "chef"
          }, {
            "key" : "omnibus.md5",
            "value" : "89f054a0ae035c10f05ebbd0059db16f"
          }, {
            "key" : "build.number",
            "value" : "12.12.15"
          }, {
            "key" : "omnibus.sha1",
            "value" : "3cc8af48f289b8692178091dec86ee040772aa4f"
          }, {
            "key" : "delivery.change"
          }, {
            "key" : "omnibus.platform_version",
            "value" : "10.9"
          }, {
            "key" : "omnibus.platform",
            "value" : "mac_os_x"
          }, {
            "key" : "omnibus.license",
            "value" : "Apache-2.0"
          }, {
            "key" : "delivery.sha"
          }, {
            "key" : "omnibus.sha256",
            "value" : "b535d834f31839784af89ea061bddcbfb82f78b450b7ea22f5f627a043fe5ca1"
          }, {
            "key" : "omnibus.sha512",
            "value" : "d90a77c4a073fd087fb03f53ce79defe62db1d934e0f97dd9b9f1f0e6220a1f1704477f81b536f5fd4bafe530b9085894856148d0fa422d0f9bc17ed23ca315d"
          }, {
            "key" : "build.name",
            "value" : "chef"
          }, {
            "key" : "omnibus.iteration",
            "value" : "1"
          }, {
            "key" : "omnibus.version",
            "value" : "12.12.15"
          } ]
        },{
          "repo" : "omnibus-stable-local",
          "path" : "com/getchef/chef/12.12.15/windows/2012r2",
          "name" : "chef-client-12.12.15-1-x86.msi",
          "properties" : [ {
            "key" : "build.number",
            "value" : "12.12.15"
          }, {
            "key" : "omnibus.project",
            "value" : "chef"
          }, {
            "key" : "omnibus.sha1",
            "value" : "906ac739d4ce02665776d13fcb05c959f0fb894e"
          }, {
            "key" : "build.name",
            "value" : "chef"
          }, {
            "key" : "omnibus.version",
            "value" : "12.12.15"
          }, {
            "key" : "omnibus.sha256",
            "value" : "641a812b743d21555e5ac7a096c85381522627b351dbabf4531b613910c3abbb"
          }, {
            "key" : "omnibus.license",
            "value" : "Apache-2.0"
          }, {
            "key" : "omnibus.iteration",
            "value" : "1"
          }, {
            "key" : "omnibus.platform",
            "value" : "windows"
          }, {
            "key" : "omnibus.architecture",
            "value" : "i386"
          }, {
            "key" : "omnibus.platform_version",
            "value" : "2012r2"
          }, {
            "key" : "delivery.sha"
          }, {
            "key" : "delivery.change"
          }, {
            "key" : "omnibus.md5",
            "value" : "f5cd676ea1486d3dbccaf4495c0b4948"
          }, {
            "key" : "omnibus.sha512",
            "value" : "926266ca4c82fc6edd4e7aff3b084e016a5fe659c4b201ed5e41b69d2be5d658a13bb01d20f6b91d75d9c49265f142dbd65c2b6ecef7a46c888eb9bae12f3d44"
          } ]
        },{
          "repo" : "omnibus-stable-local",
          "path" : "com/getchef/chef/12.12.15/windows/2012",
          "name" : "chef-client-12.12.15-1-x64.msi",
          "properties" : [ {
            "key" : "delivery.sha"
          }, {
            "key" : "omnibus.version",
            "value" : "12.12.15"
          }, {
            "key" : "omnibus.license",
            "value" : "Apache-2.0"
          }, {
            "key" : "build.number",
            "value" : "12.12.15"
          }, {
            "key" : "build.name",
            "value" : "chef"
          }, {
            "key" : "omnibus.iteration",
            "value" : "1"
          }, {
            "key" : "omnibus.sha1",
            "value" : "9da3b90ff22d7985a0a5c301a71d1f91ce272fbb"
          }, {
            "key" : "omnibus.sha256",
            "value" : "1566ceb106ccb4c5e7bd7135cdc289838fb36219cf6a343652f0118c29aab6df"
          }, {
            "key" : "omnibus.architecture",
            "value" : "x86_64"
          }, {
            "key" : "omnibus.platform",
            "value" : "windows"
          }, {
            "key" : "omnibus.project",
            "value" : "chef"
          }, {
            "key" : "omnibus.sha512",
            "value" : "b58d65d0876bc17c22ab1c79a2544fb392fd0703798ad4afb8f7d39f62ea801a90a22e8cc71d3e636e348b03b8477d6c3021e8fd996dcabc26d860158552337c"
          }, {
            "key" : "delivery.change"
          }, {
            "key" : "omnibus.md5",
            "value" : "eddc81c07a6ce69d6cab37ba343ce892"
          }, {
            "key" : "omnibus.platform_version",
            "value" : "2012"
          } ]
        },{
          "repo" : "omnibus-stable-local",
          "path" : "com/getchef/chef/12.12.15/debian/7",
          "name" : "chef_12.12.15-1_i386.deb",
          "properties" : [ {
            "key" : "omnibus.architecture",
            "value" : "i686"
          }, {
            "key" : "omnibus.iteration",
            "value" : "1"
          }, {
            "key" : "omnibus.sha256",
            "value" : "adbe056da8582a22a9037b5c4de51e019e1d96303b705ad9fde2e6b275301a27"
          }, {
            "key" : "omnibus.license",
            "value" : "Apache-2.0"
          }, {
            "key" : "omnibus.sha512",
            "value" : "b5e155259a8a6ee3a7e1a72b5ea4ceac5aef3db5c0163e8ea0dedd98b834cad3816658b20346c0d354c1d7cbb91e9b48aaae8bdf4a99f725193a20d42667c69f"
          }, {
            "key" : "build.name",
            "value" : "chef"
          }, {
            "key" : "build.number",
            "value" : "12.12.15"
          }, {
            "key" : "delivery.sha"
          }, {
            "key" : "omnibus.version",
            "value" : "12.12.15"
          }, {
            "key" : "omnibus.md5",
            "value" : "6980237d0fd683117302068354de1acf"
          }, {
            "key" : "omnibus.project",
            "value" : "chef"
          }, {
            "key" : "omnibus.platform",
            "value" : "debian"
          }, {
            "key" : "omnibus.sha1",
            "value" : "fd535ee8521f0a6d96d7935f5ef0fdc6ede7381c"
          }, {
            "key" : "delivery.change"
          }, {
            "key" : "omnibus.platform_version",
            "value" : "7"
          } ]
        },{
          "repo" : "omnibus-stable-local",
          "path" : "com/getchef/chef/12.12.15/debian/8",
          "name" : "chef_12.12.15-1_amd64.deb",
          "properties" : [ {
            "key" : "omnibus.platform_version",
            "value" : "8"
          }, {
            "key" : "omnibus.platform",
            "value" : "debian"
          }, {
            "key" : "omnibus.sha1",
            "value" : "4efadc429f4958f6fbb28740ec3ecf9d95a0ec6f"
          }, {
            "key" : "delivery.change"
          }, {
            "key" : "build.number",
            "value" : "12.12.15"
          }, {
            "key" : "omnibus.sha512",
            "value" : "c0fa8927f5d9ee0add34900dfedf049f416a52c02b8707160172ea4aa9d8e136d9e3b63f47cad4bbdda79ab478b545b908e0004eb4e6f928b06fa4d7ae5fe4a0"
          }, {
            "key" : "omnibus.md5",
            "value" : "50c9cfffb2c39beda9f29d95197de600"
          }, {
            "key" : "omnibus.version",
            "value" : "12.12.15"
          }, {
            "key" : "omnibus.project",
            "value" : "chef"
          }, {
            "key" : "omnibus.sha256",
            "value" : "aac21d07740f65486f35a23da9a28e0dc003f42f62050108a9a3857fd58dd401"
          }, {
            "key" : "delivery.sha"
          }, {
            "key" : "omnibus.architecture",
            "value" : "x86_64"
          }, {
            "key" : "omnibus.license",
            "value" : "Apache-2.0"
          }, {
            "key" : "build.name",
            "value" : "chef"
          }, {
            "key" : "omnibus.iteration",
            "value" : "1"
          } ]
        },{
          "repo" : "omnibus-stable-local",
          "path" : "com/getchef/chef/12.12.15/aix/7.1",
          "name" : "chef-12.12.15-1.powerpc.bff",
          "properties" : [ {
            "key" : "omnibus.license",
            "value" : "Apache-2.0"
          }, {
            "key" : "delivery.sha"
          }, {
            "key" : "omnibus.iteration",
            "value" : "1"
          }, {
            "key" : "omnibus.platform_version",
            "value" : "7.1"
          }, {
            "key" : "delivery.change"
          }, {
            "key" : "omnibus.sha256",
            "value" : "fef1d4019e40f1a9f645bbc4cdaa5f43f5aeafc49add74bafb1501238ad88e62"
          }, {
            "key" : "omnibus.project",
            "value" : "chef"
          }, {
            "key" : "omnibus.sha1",
            "value" : "28ab1cc09e73499fb629b46d2b950a4517d5fd61"
          }, {
            "key" : "build.number",
            "value" : "12.12.15"
          }, {
            "key" : "build.name",
            "value" : "chef"
          }, {
            "key" : "omnibus.architecture",
            "value" : "powerpc"
          }, {
            "key" : "omnibus.md5",
            "value" : "525a399c0434f8cbad32868245d060c9"
          }, {
            "key" : "omnibus.sha512",
            "value" : "7c7df953050b639678d7ed8fb679cd3fa39d2df2315e8c290032d76c5eb5e6547f58e5cd7e49553cef425b2ab7cd2c108a766721995a6d71f3df56f448a77082"
          }, {
            "key" : "omnibus.platform",
            "value" : "aix"
          }, {
            "key" : "omnibus.version",
            "value" : "12.12.15"
          } ]
        },{
          "repo" : "omnibus-stable-local",
          "path" : "com/getchef/chef/12.12.15/windows/2008r2",
          "name" : "chef-client-12.12.15-1-x86.msi",
          "properties" : [ {
            "key" : "omnibus.platform",
            "value" : "windows"
          }, {
            "key" : "omnibus.architecture",
            "value" : "i386"
          }, {
            "key" : "omnibus.sha512",
            "value" : "926266ca4c82fc6edd4e7aff3b084e016a5fe659c4b201ed5e41b69d2be5d658a13bb01d20f6b91d75d9c49265f142dbd65c2b6ecef7a46c888eb9bae12f3d44"
          }, {
            "key" : "delivery.change"
          }, {
            "key" : "omnibus.md5",
            "value" : "f5cd676ea1486d3dbccaf4495c0b4948"
          }, {
            "key" : "build.number",
            "value" : "12.12.15"
          }, {
            "key" : "omnibus.sha256",
            "value" : "641a812b743d21555e5ac7a096c85381522627b351dbabf4531b613910c3abbb"
          }, {
            "key" : "delivery.sha"
          }, {
            "key" : "omnibus.project",
            "value" : "chef"
          }, {
            "key" : "omnibus.license",
            "value" : "Apache-2.0"
          }, {
            "key" : "omnibus.sha1",
            "value" : "906ac739d4ce02665776d13fcb05c959f0fb894e"
          }, {
            "key" : "omnibus.version",
            "value" : "12.12.15"
          }, {
            "key" : "omnibus.platform_version",
            "value" : "2008r2"
          }, {
            "key" : "build.name",
            "value" : "chef"
          }, {
            "key" : "omnibus.iteration",
            "value" : "1"
          } ]
        },{
          "repo" : "omnibus-stable-local",
          "path" : "com/getchef/chef/12.12.15/el/7",
          "name" : "chef-12.12.15-1.el7.x86_64.rpm",
          "properties" : [ {
            "key" : "omnibus.platform_version",
            "value" : "7"
          }, {
            "key" : "delivery.change"
          }, {
            "key" : "omnibus.architecture",
            "value" : "x86_64"
          }, {
            "key" : "omnibus.project",
            "value" : "chef"
          }, {
            "key" : "omnibus.sha1",
            "value" : "92d14fa522ff14b1e22622312c8271db3cc0d512"
          }, {
            "key" : "omnibus.iteration",
            "value" : "1"
          }, {
            "key" : "omnibus.platform",
            "value" : "el"
          }, {
            "key" : "omnibus.license",
            "value" : "Apache-2.0"
          }, {
            "key" : "omnibus.version",
            "value" : "12.12.15"
          }, {
            "key" : "omnibus.sha256",
            "value" : "ce1f216242f26d7274c108a9cb9d8add7095727e039bac968de9291f56a90c25"
          }, {
            "key" : "build.name",
            "value" : "chef"
          }, {
            "key" : "delivery.sha"
          }, {
            "key" : "omnibus.sha512",
            "value" : "291af51e4e3b69f9e538c11e9ab59327717d652cc14efbb9b1a42721d9bd0a046304cc617b8e722d2fc70fd7cba164e8bf403416fa0c1e87cc75300a899a58b1"
          }, {
            "key" : "build.number",
            "value" : "12.12.15"
          }, {
            "key" : "omnibus.md5",
            "value" : "4772df169f5121c7ef51922ab35c1139"
          } ]
        },{
          "repo" : "omnibus-stable-local",
          "path" : "com/getchef/chef/12.12.15/solaris2/5.10",
          "name" : "chef-12.12.15-1.i386.solaris",
          "properties" : [ {
            "key" : "omnibus.version",
            "value" : "12.12.15"
          }, {
            "key" : "omnibus.project",
            "value" : "chef"
          }, {
            "key" : "build.number",
            "value" : "12.12.15"
          }, {
            "key" : "omnibus.platform_version",
            "value" : "5.10"
          }, {
            "key" : "omnibus.sha256",
            "value" : "d8d21b2a6cb4eab232bd37c2d022a098fdbe1ad5b847d49fa212754ded024f60"
          }, {
            "key" : "build.name",
            "value" : "chef"
          }, {
            "key" : "omnibus.md5",
            "value" : "3ffefc83074e8fed1b5383bab4e4ad9d"
          }, {
            "key" : "omnibus.iteration",
            "value" : "1"
          }, {
            "key" : "omnibus.sha1",
            "value" : "ba7685ae23b895f89ee09a0245a46ac44c7f532c"
          }, {
            "key" : "omnibus.license",
            "value" : "Apache-2.0"
          }, {
            "key" : "omnibus.platform",
            "value" : "solaris2"
          }, {
            "key" : "delivery.sha"
          }, {
            "key" : "omnibus.architecture",
            "value" : "i386"
          }, {
            "key" : "delivery.change"
          }, {
            "key" : "omnibus.sha512",
            "value" : "a5f1ff8377911ca003488fc8baecd2996c16f72566c07e414776e1bc42780190db4bc48044efb24a2b4f82b2e7e7c4e2d24cf8572c1048e203d32154d4c296b5"
          } ]
        },{
          "repo" : "omnibus-stable-local",
          "path" : "com/getchef/chef/12.12.15/el/7",
          "name" : "chef-12.12.15-1.el7.ppc64le.rpm",
          "properties" : [ {
            "key" : "build.name",
            "value" : "chef"
          }, {
            "key" : "omnibus.project",
            "value" : "chef"
          }, {
            "key" : "omnibus.version",
            "value" : "12.12.15"
          }, {
            "key" : "omnibus.license",
            "value" : "Apache-2.0"
          }, {
            "key" : "omnibus.sha1",
            "value" : "49c90002a025a7335d42514f591e3053317ebacb"
          }, {
            "key" : "delivery.sha"
          }, {
            "key" : "omnibus.sha256",
            "value" : "bd09eb4f6ad7c7e078a78125a3871890512c7bac20f6123331788d26ed22e6d5"
          }, {
            "key" : "omnibus.iteration",
            "value" : "1"
          }, {
            "key" : "omnibus.platform",
            "value" : "el"
          }, {
            "key" : "build.number",
            "value" : "12.12.15"
          }, {
            "key" : "delivery.change"
          }, {
            "key" : "omnibus.md5",
            "value" : "4455a5e5cefa78ebccea4aa1e40b1a70"
          }, {
            "key" : "omnibus.platform_version",
            "value" : "7"
          }, {
            "key" : "omnibus.sha512",
            "value" : "e21022ab82fc3e0a142b1c098325202083cab9493e5dcccc96434d0e4d235ef8e62870d03d4be56cf14c90408871f3848bb9ce346b00708e1d56b1e148631ea9"
          }, {
            "key" : "omnibus.architecture",
            "value" : "ppc64le"
          } ]
        } ],
        "range" : {
          "start_pos" : 0,
          "end_pos" : 39,
          "total" : 39
        }
        }
    http_version: 
  recorded_at: Thu, 01 Sep 2016 19:56:50 GMT
recorded_with: VCR 3.0.3
